{
    "-profile test_controls": {
        "content": [
            7,
            {
                
            },
            [
                "pipeline_info",
                "pipeline_info/nf_core_chipseq_software_mqc_versions.yml",
                "pipeline_info/samplesheet.valid.csv"
            ],
            [
                "samplesheet.valid.csv:md5,51b046b55592e95949824f21b12c7e49"
            ]
        ],
        "meta": {
            "nf-test": "0.9.3",
            "nextflow": "25.04.7"
        },
        "timestamp": "2026-03-23T11:40:44.18326619"
    }
}