{
    "-profile test_controls": {
        "content": [
            23,
            {
                
            },
            [
                "fastqc",
                "fastqc/OSMOTIC_STRESS_T0_PE_REP1_T1_1_fastqc.html",
                "fastqc/OSMOTIC_STRESS_T0_PE_REP1_T1_2_fastqc.html",
                "fastqc/OSMOTIC_STRESS_T0_PE_REP2_T1_1_fastqc.html",
                "fastqc/OSMOTIC_STRESS_T0_PE_REP2_T1_2_fastqc.html",
                "fastqc/OSMOTIC_STRESS_T100_SE_REP1_T1_fastqc.html",
                "fastqc/OSMOTIC_STRESS_T100_SE_REP2_T1_fastqc.html",
                "fastqc/OSMOTIC_STRESS_T150_SE_REP1_T1_fastqc.html",
                "fastqc/OSMOTIC_STRESS_T150_SE_REP1_T2_fastqc.html",
                "fastqc/OSMOTIC_STRESS_T15_PE_REP1_T1_1_fastqc.html",
                "fastqc/OSMOTIC_STRESS_T15_PE_REP1_T1_2_fastqc.html",
                "fastqc/OSMOTIC_STRESS_T15_PE_REP1_T2_1_fastqc.html",
                "fastqc/OSMOTIC_STRESS_T15_PE_REP1_T2_2_fastqc.html",
                "fastqc/zips",
                "fastqc/zips/OSMOTIC_STRESS_T0_PE_REP1_T1_1_fastqc.zip",
                "fastqc/zips/OSMOTIC_STRESS_T0_PE_REP1_T1_2_fastqc.zip",
                "fastqc/zips/OSMOTIC_STRESS_T0_PE_REP2_T1_1_fastqc.zip",
                "fastqc/zips/OSMOTIC_STRESS_T0_PE_REP2_T1_2_fastqc.zip",
                "fastqc/zips/OSMOTIC_STRESS_T100_SE_REP1_T1_fastqc.zip",
                "fastqc/zips/OSMOTIC_STRESS_T100_SE_REP2_T1_fastqc.zip",
                "fastqc/zips/OSMOTIC_STRESS_T150_SE_REP1_T1_fastqc.zip",
                "fastqc/zips/OSMOTIC_STRESS_T150_SE_REP1_T2_fastqc.zip",
                "fastqc/zips/OSMOTIC_STRESS_T15_PE_REP1_T1_1_fastqc.zip",
                "fastqc/zips/OSMOTIC_STRESS_T15_PE_REP1_T1_2_fastqc.zip",
                "fastqc/zips/OSMOTIC_STRESS_T15_PE_REP1_T2_1_fastqc.zip",
                "fastqc/zips/OSMOTIC_STRESS_T15_PE_REP1_T2_2_fastqc.zip",
                "pipeline_info",
                "pipeline_info/nf_core_chipseq_software_mqc_versions.yml",
                "pipeline_info/samplesheet.valid.csv",
                "trimgalore",
                "trimgalore/fastqc",
                "trimgalore/fastqc/OSMOTIC_STRESS_T0_PE_REP1_T1_1_val_1_fastqc.html",
                "trimgalore/fastqc/OSMOTIC_STRESS_T0_PE_REP1_T1_2_val_2_fastqc.html",
                "trimgalore/fastqc/OSMOTIC_STRESS_T0_PE_REP2_T1_1_val_1_fastqc.html",
                "trimgalore/fastqc/OSMOTIC_STRESS_T0_PE_REP2_T1_2_val_2_fastqc.html",
                "trimgalore/fastqc/OSMOTIC_STRESS_T100_SE_REP1_T1_trimmed_fastqc.html",
                "trimgalore/fastqc/OSMOTIC_STRESS_T100_SE_REP2_T1_trimmed_fastqc.html",
                "trimgalore/fastqc/OSMOTIC_STRESS_T150_SE_REP1_T1_trimmed_fastqc.html",
                "trimgalore/fastqc/OSMOTIC_STRESS_T150_SE_REP1_T2_trimmed_fastqc.html",
                "trimgalore/fastqc/OSMOTIC_STRESS_T15_PE_REP1_T1_1_val_1_fastqc.html",
                "trimgalore/fastqc/OSMOTIC_STRESS_T15_PE_REP1_T1_2_val_2_fastqc.html",
                "trimgalore/fastqc/OSMOTIC_STRESS_T15_PE_REP1_T2_1_val_1_fastqc.html",
                "trimgalore/fastqc/OSMOTIC_STRESS_T15_PE_REP1_T2_2_val_2_fastqc.html",
                "trimgalore/fastqc/zips",
                "trimgalore/fastqc/zips/OSMOTIC_STRESS_T0_PE_REP1_T1_1_val_1_fastqc.zip",
                "trimgalore/fastqc/zips/OSMOTIC_STRESS_T0_PE_REP1_T1_2_val_2_fastqc.zip",
                "trimgalore/fastqc/zips/OSMOTIC_STRESS_T0_PE_REP2_T1_1_val_1_fastqc.zip",
                "trimgalore/fastqc/zips/OSMOTIC_STRESS_T0_PE_REP2_T1_2_val_2_fastqc.zip",
                "trimgalore/fastqc/zips/OSMOTIC_STRESS_T100_SE_REP1_T1_trimmed_fastqc.zip",
                "trimgalore/fastqc/zips/OSMOTIC_STRESS_T100_SE_REP2_T1_trimmed_fastqc.zip",
                "trimgalore/fastqc/zips/OSMOTIC_STRESS_T150_SE_REP1_T1_trimmed_fastqc.zip",
                "trimgalore/fastqc/zips/OSMOTIC_STRESS_T150_SE_REP1_T2_trimmed_fastqc.zip",
                "trimgalore/fastqc/zips/OSMOTIC_STRESS_T15_PE_REP1_T1_1_val_1_fastqc.zip",
                "trimgalore/fastqc/zips/OSMOTIC_STRESS_T15_PE_REP1_T1_2_val_2_fastqc.zip",
                "trimgalore/fastqc/zips/OSMOTIC_STRESS_T15_PE_REP1_T2_1_val_1_fastqc.zip",
                "trimgalore/fastqc/zips/OSMOTIC_STRESS_T15_PE_REP1_T2_2_val_2_fastqc.zip",
                "trimgalore/logs",
                "trimgalore/logs/OSMOTIC_STRESS_T0_PE_REP1_T1_1.fastq.gz_trimming_report.txt",
                "trimgalore/logs/OSMOTIC_STRESS_T0_PE_REP1_T1_2.fastq.gz_trimming_report.txt",
                "trimgalore/logs/OSMOTIC_STRESS_T0_PE_REP2_T1_1.fastq.gz_trimming_report.txt",
                "trimgalore/logs/OSMOTIC_STRESS_T0_PE_REP2_T1_2.fastq.gz_trimming_report.txt",
                "trimgalore/logs/OSMOTIC_STRESS_T100_SE_REP1_T1.fastq.gz_trimming_report.txt",
                "trimgalore/logs/OSMOTIC_STRESS_T100_SE_REP2_T1.fastq.gz_trimming_report.txt",
                "trimgalore/logs/OSMOTIC_STRESS_T150_SE_REP1_T1.fastq.gz_trimming_report.txt",
                "trimgalore/logs/OSMOTIC_STRESS_T150_SE_REP1_T2.fastq.gz_trimming_report.txt",
                "trimgalore/logs/OSMOTIC_STRESS_T15_PE_REP1_T1_1.fastq.gz_trimming_report.txt",
                "trimgalore/logs/OSMOTIC_STRESS_T15_PE_REP1_T1_2.fastq.gz_trimming_report.txt",
                "trimgalore/logs/OSMOTIC_STRESS_T15_PE_REP1_T2_1.fastq.gz_trimming_report.txt",
                "trimgalore/logs/OSMOTIC_STRESS_T15_PE_REP1_T2_2.fastq.gz_trimming_report.txt"
            ],
            [
                "samplesheet.valid.csv:md5,51b046b55592e95949824f21b12c7e49"
            ]
        ],
        "meta": {
            "nf-test": "0.9.3",
            "nextflow": "25.04.7"
        },
        "timestamp": "2026-03-20T23:06:55.350652897"
    }
}