{
    "skip_trimming": {
        "content": [
            260,
            {
                "BAMTOOLS_FILTER": {
                    "bamtools": "2.5.2",
                    "samtools": "1.15.1"
                },
                "BAM_REMOVE_ORPHANS": {
                    "samtools": "1.15.1"
                },
                "BEDTOOLS_GENOMECOV": {
                    "bedtools": "2.31.1",
                    "sort": "sort (GNU coreutils) 9.5"
                },
                "BWA_INDEX": {
                    "bwa": "0.7.19-r1273"
                },
                "BWA_MEM": {
                    "bwa": "0.7.19-r1273",
                    "samtools": "1.22.1"
                },
                "DEEPTOOLS_COMPUTEMATRIX_REFERENCE_POINT": {
                    "deeptools": "3.5.6"
                },
                "DEEPTOOLS_COMPUTEMATRIX_SCALE_REGIONS": {
                    "deeptools": "3.5.6"
                },
                "DEEPTOOLS_PLOTHEATMAP": {
                    "deeptools": "3.5.6"
                },
                "DEEPTOOLS_PLOTPROFILE": {
                    "deeptools": "3.5.6"
                },
                "DESEQ2_QC": {
                    "bioconductor-deseq2": "1.28.0",
                    "r-base": "4.0.3"
                },
                "FASTQC": {
                    "fastqc": "0.12.1"
                },
                "FEATURECOUNTS_MERGE": {
                    "sed": 4.7
                },
                "FRIP_SCORE": {
                    "bedtools": "2.30.0",
                    "samtools": "1.15.1"
                },
                "GENOME_BLACKLIST_REGIONS": {
                    "bedtools": "2.30.0"
                },
                "GET_AUTOSOMES": {
                    "python": "3.8.3"
                },
                "GTF2BED": {
                    "perl": "5.26.2"
                },
                "HOMER_ANNOTATEPEAKS": {
                    "homer": 4.11
                },
                "IGV": {
                    "python": "3.8.3"
                },
                "KHMER_UNIQUEKMERS": {
                    "khmer": "3.0.0a3"
                },
                "MACS3_CALLPEAK": {
                    "macs3": "3.0.4"
                },
                "MACS3_CONSENSUS": {
                    "python": "3.10.0",
                    "r-base": "4.1.1"
                },
                "MERGED_LIBRARY_ATAQV_ATAQV": {
                    "ataqv": "1.3.1"
                },
                "MERGED_LIBRARY_ATAQV_MKARV": {
                    "ataqv": "1.3.1"
                },
                "MERGED_LIBRARY_DEEPTOOLS_PLOTFINGERPRINT": {
                    "deeptools": "3.5.6"
                },
                "MERGED_LIBRARY_PICARD_COLLECTMULTIPLEMETRICS": {
                    "picard": "3.4.0"
                },
                "MULTIQC_CUSTOM_PEAKS": {
                    "sed": 4.7
                },
                "PICARD_MARKDUPLICATES": {
                    "picard": "3.4.0"
                },
                "PICARD_MERGESAMFILES_LIBRARY": {
                    "picard": "3.4.0"
                },
                "PICARD_MERGESAMFILES_REPLICATE": {
                    "picard": "3.4.0"
                },
                "PLOT_HOMER_ANNOTATEPEAKS": {
                    "r-base": "4.0.3"
                },
                "PLOT_MACS3_QC": {
                    "r-base": "4.0.3"
                },
                "SAMPLESHEET_CHECK": {
                    "python": "3.8.3"
                },
                "SAMTOOLS_FAIDX": {
                    "samtools": "1.23.1"
                },
                "SAMTOOLS_FLAGSTAT": {
                    "samtools": 1.24
                },
                "SAMTOOLS_IDXSTATS": {
                    "samtools": 1.24
                },
                "SAMTOOLS_INDEX": {
                    "samtools": 1.24
                },
                "SAMTOOLS_SORT": {
                    "samtools": 1.24
                },
                "SAMTOOLS_STATS": {
                    "samtools": 1.24
                },
                "SUBREAD_FEATURECOUNTS": {
                    "subread": "2.1.1"
                },
                "TSS_EXTRACT": {
                    "sed": 4.7
                },
                "UCSC_BEDGRAPHTOBIGWIG": {
                    "ucsc": 482
                }
            },
            [
                "bwa",
                "bwa/merged_library",
                "bwa/merged_library/OSMOTIC_STRESS_T0_PE_REP1.mLb.clN.sorted.bam",
                "bwa/merged_library/OSMOTIC_STRESS_T0_PE_REP1.mLb.clN.sorted.bam.bai",
                "bwa/merged_library/OSMOTIC_STRESS_T0_PE_REP2.mLb.clN.sorted.bam",
                "bwa/merged_library/OSMOTIC_STRESS_T0_PE_REP2.mLb.clN.sorted.bam.bai",
                "bwa/merged_library/OSMOTIC_STRESS_T100_SE_REP1.mLb.clN.sorted.bam",
                "bwa/merged_library/OSMOTIC_STRESS_T100_SE_REP1.mLb.clN.sorted.bam.bai",
                "bwa/merged_library/OSMOTIC_STRESS_T100_SE_REP2.mLb.clN.sorted.bam",
                "bwa/merged_library/OSMOTIC_STRESS_T100_SE_REP2.mLb.clN.sorted.bam.bai",
                "bwa/merged_library/OSMOTIC_STRESS_T150_SE_REP1.mLb.clN.sorted.bam",
                "bwa/merged_library/OSMOTIC_STRESS_T150_SE_REP1.mLb.clN.sorted.bam.bai",
                "bwa/merged_library/OSMOTIC_STRESS_T15_PE_REP1.mLb.clN.sorted.bam",
                "bwa/merged_library/OSMOTIC_STRESS_T15_PE_REP1.mLb.clN.sorted.bam.bai",
                "bwa/merged_library/ataqv",
                "bwa/merged_library/ataqv/broad_peak",
                "bwa/merged_library/ataqv/broad_peak/OSMOTIC_STRESS_T0_PE_REP1.ataqv.json",
                "bwa/merged_library/ataqv/broad_peak/OSMOTIC_STRESS_T0_PE_REP2.ataqv.json",
                "bwa/merged_library/ataqv/broad_peak/OSMOTIC_STRESS_T100_SE_REP1.ataqv.json",
                "bwa/merged_library/ataqv/broad_peak/OSMOTIC_STRESS_T100_SE_REP2.ataqv.json",
                "bwa/merged_library/ataqv/broad_peak/OSMOTIC_STRESS_T150_SE_REP1.ataqv.json",
                "bwa/merged_library/ataqv/broad_peak/OSMOTIC_STRESS_T15_PE_REP1.ataqv.json",
                "bwa/merged_library/ataqv/broad_peak/html",
                "bwa/merged_library/ataqv/broad_peak/html/css",
                "bwa/merged_library/ataqv/broad_peak/html/css/ataqv.css",
                "bwa/merged_library/ataqv/broad_peak/html/css/datatables.buttons.min.css",
                "bwa/merged_library/ataqv/broad_peak/html/css/datatables.fontawesome.css",
                "bwa/merged_library/ataqv/broad_peak/html/css/datatables.min.css",
                "bwa/merged_library/ataqv/broad_peak/html/css/font-awesome.min.css",
                "bwa/merged_library/ataqv/broad_peak/html/css/normalize.css",
                "bwa/merged_library/ataqv/broad_peak/html/data",
                "bwa/merged_library/ataqv/broad_peak/html/data/OSMOTIC_STRESS_T0_PE_REP1.json.gz",
                "bwa/merged_library/ataqv/broad_peak/html/data/OSMOTIC_STRESS_T0_PE_REP2.json.gz",
                "bwa/merged_library/ataqv/broad_peak/html/data/OSMOTIC_STRESS_T100_SE_REP1.json.gz",
                "bwa/merged_library/ataqv/broad_peak/html/data/OSMOTIC_STRESS_T100_SE_REP2.json.gz",
                "bwa/merged_library/ataqv/broad_peak/html/data/OSMOTIC_STRESS_T150_SE_REP1.json.gz",
                "bwa/merged_library/ataqv/broad_peak/html/data/OSMOTIC_STRESS_T15_PE_REP1.json.gz",
                "bwa/merged_library/ataqv/broad_peak/html/fonts",
                "bwa/merged_library/ataqv/broad_peak/html/fonts/FontAwesome.otf",
                "bwa/merged_library/ataqv/broad_peak/html/fonts/fontawesome-webfont.eot",
                "bwa/merged_library/ataqv/broad_peak/html/fonts/fontawesome-webfont.svg",
                "bwa/merged_library/ataqv/broad_peak/html/fonts/fontawesome-webfont.ttf",
                "bwa/merged_library/ataqv/broad_peak/html/fonts/fontawesome-webfont.woff",
                "bwa/merged_library/ataqv/broad_peak/html/fonts/fontawesome-webfont.woff2",
                "bwa/merged_library/ataqv/broad_peak/html/fonts/sourcesanspro-regular.woff",
                "bwa/merged_library/ataqv/broad_peak/html/fonts/sourcesanspro-regularit.woff",
                "bwa/merged_library/ataqv/broad_peak/html/fonts/sourcesanspro-semibold.woff",
                "bwa/merged_library/ataqv/broad_peak/html/fonts/sourcesanspro-semiboldit.woff",
                "bwa/merged_library/ataqv/broad_peak/html/index.html",
                "bwa/merged_library/ataqv/broad_peak/html/js",
                "bwa/merged_library/ataqv/broad_peak/html/js/ataqv.js",
                "bwa/merged_library/ataqv/broad_peak/html/js/configuration.js",
                "bwa/merged_library/ataqv/broad_peak/html/js/d3.min.js",
                "bwa/merged_library/ataqv/broad_peak/html/js/datatables.min.js",
                "bwa/merged_library/ataqv/broad_peak/html/js/jszip.min.js",
                "bwa/merged_library/bigwig",
                "bwa/merged_library/bigwig/OSMOTIC_STRESS_T0_PE_REP1.mLb.clN.bigWig",
                "bwa/merged_library/bigwig/OSMOTIC_STRESS_T0_PE_REP2.mLb.clN.bigWig",
                "bwa/merged_library/bigwig/OSMOTIC_STRESS_T100_SE_REP1.mLb.clN.bigWig",
                "bwa/merged_library/bigwig/OSMOTIC_STRESS_T100_SE_REP2.mLb.clN.bigWig",
                "bwa/merged_library/bigwig/OSMOTIC_STRESS_T150_SE_REP1.mLb.clN.bigWig",
                "bwa/merged_library/bigwig/OSMOTIC_STRESS_T15_PE_REP1.mLb.clN.bigWig",
                "bwa/merged_library/bigwig/scale",
                "bwa/merged_library/bigwig/scale/OSMOTIC_STRESS_T0_PE_REP1.mLb.clN.scale_factor.txt",
                "bwa/merged_library/bigwig/scale/OSMOTIC_STRESS_T0_PE_REP2.mLb.clN.scale_factor.txt",
                "bwa/merged_library/bigwig/scale/OSMOTIC_STRESS_T100_SE_REP1.mLb.clN.scale_factor.txt",
                "bwa/merged_library/bigwig/scale/OSMOTIC_STRESS_T100_SE_REP2.mLb.clN.scale_factor.txt",
                "bwa/merged_library/bigwig/scale/OSMOTIC_STRESS_T150_SE_REP1.mLb.clN.scale_factor.txt",
                "bwa/merged_library/bigwig/scale/OSMOTIC_STRESS_T15_PE_REP1.mLb.clN.scale_factor.txt",
                "bwa/merged_library/deeptools",
                "bwa/merged_library/deeptools/plotfingerprint",
                "bwa/merged_library/deeptools/plotfingerprint/OSMOTIC_STRESS_T0_PE_REP1.mLb.clN.plotFingerprint.pdf",
                "bwa/merged_library/deeptools/plotfingerprint/OSMOTIC_STRESS_T0_PE_REP1.mLb.clN.plotFingerprint.qcmetrics.txt",
                "bwa/merged_library/deeptools/plotfingerprint/OSMOTIC_STRESS_T0_PE_REP1.mLb.clN.plotFingerprint.raw.txt",
                "bwa/merged_library/deeptools/plotfingerprint/OSMOTIC_STRESS_T0_PE_REP2.mLb.clN.plotFingerprint.pdf",
                "bwa/merged_library/deeptools/plotfingerprint/OSMOTIC_STRESS_T0_PE_REP2.mLb.clN.plotFingerprint.qcmetrics.txt",
                "bwa/merged_library/deeptools/plotfingerprint/OSMOTIC_STRESS_T0_PE_REP2.mLb.clN.plotFingerprint.raw.txt",
                "bwa/merged_library/deeptools/plotfingerprint/OSMOTIC_STRESS_T100_SE_REP1.mLb.clN.plotFingerprint.pdf",
                "bwa/merged_library/deeptools/plotfingerprint/OSMOTIC_STRESS_T100_SE_REP1.mLb.clN.plotFingerprint.qcmetrics.txt",
                "bwa/merged_library/deeptools/plotfingerprint/OSMOTIC_STRESS_T100_SE_REP1.mLb.clN.plotFingerprint.raw.txt",
                "bwa/merged_library/deeptools/plotfingerprint/OSMOTIC_STRESS_T100_SE_REP2.mLb.clN.plotFingerprint.pdf",
                "bwa/merged_library/deeptools/plotfingerprint/OSMOTIC_STRESS_T100_SE_REP2.mLb.clN.plotFingerprint.qcmetrics.txt",
                "bwa/merged_library/deeptools/plotfingerprint/OSMOTIC_STRESS_T100_SE_REP2.mLb.clN.plotFingerprint.raw.txt",
                "bwa/merged_library/deeptools/plotfingerprint/OSMOTIC_STRESS_T150_SE_REP1.mLb.clN.plotFingerprint.pdf",
                "bwa/merged_library/deeptools/plotfingerprint/OSMOTIC_STRESS_T150_SE_REP1.mLb.clN.plotFingerprint.qcmetrics.txt",
                "bwa/merged_library/deeptools/plotfingerprint/OSMOTIC_STRESS_T150_SE_REP1.mLb.clN.plotFingerprint.raw.txt",
                "bwa/merged_library/deeptools/plotfingerprint/OSMOTIC_STRESS_T15_PE_REP1.mLb.clN.plotFingerprint.pdf",
                "bwa/merged_library/deeptools/plotfingerprint/OSMOTIC_STRESS_T15_PE_REP1.mLb.clN.plotFingerprint.qcmetrics.txt",
                "bwa/merged_library/deeptools/plotfingerprint/OSMOTIC_STRESS_T15_PE_REP1.mLb.clN.plotFingerprint.raw.txt",
                "bwa/merged_library/deeptools/plotprofile",
                "bwa/merged_library/deeptools/plotprofile/OSMOTIC_STRESS_T0_PE_REP1.mLb.clN.reference_point.computeMatrix.mat.gz",
                "bwa/merged_library/deeptools/plotprofile/OSMOTIC_STRESS_T0_PE_REP1.mLb.clN.reference_point.computeMatrix.vals.mat.tab",
                "bwa/merged_library/deeptools/plotprofile/OSMOTIC_STRESS_T0_PE_REP1.mLb.clN.reference_point.plotProfile.pdf",
                "bwa/merged_library/deeptools/plotprofile/OSMOTIC_STRESS_T0_PE_REP1.mLb.clN.reference_point.plotProfile.tab",
                "bwa/merged_library/deeptools/plotprofile/OSMOTIC_STRESS_T0_PE_REP1.mLb.clN.scale_regions.computeMatrix.mat.gz",
                "bwa/merged_library/deeptools/plotprofile/OSMOTIC_STRESS_T0_PE_REP1.mLb.clN.scale_regions.computeMatrix.vals.mat.tab",
                "bwa/merged_library/deeptools/plotprofile/OSMOTIC_STRESS_T0_PE_REP1.mLb.clN.scale_regions.plotHeatmap.mat.tab",
                "bwa/merged_library/deeptools/plotprofile/OSMOTIC_STRESS_T0_PE_REP1.mLb.clN.scale_regions.plotHeatmap.pdf",
                "bwa/merged_library/deeptools/plotprofile/OSMOTIC_STRESS_T0_PE_REP2.mLb.clN.reference_point.computeMatrix.mat.gz",
                "bwa/merged_library/deeptools/plotprofile/OSMOTIC_STRESS_T0_PE_REP2.mLb.clN.reference_point.computeMatrix.vals.mat.tab",
                "bwa/merged_library/deeptools/plotprofile/OSMOTIC_STRESS_T0_PE_REP2.mLb.clN.reference_point.plotProfile.pdf",
                "bwa/merged_library/deeptools/plotprofile/OSMOTIC_STRESS_T0_PE_REP2.mLb.clN.reference_point.plotProfile.tab",
                "bwa/merged_library/deeptools/plotprofile/OSMOTIC_STRESS_T0_PE_REP2.mLb.clN.scale_regions.computeMatrix.mat.gz",
                "bwa/merged_library/deeptools/plotprofile/OSMOTIC_STRESS_T0_PE_REP2.mLb.clN.scale_regions.computeMatrix.vals.mat.tab",
                "bwa/merged_library/deeptools/plotprofile/OSMOTIC_STRESS_T0_PE_REP2.mLb.clN.scale_regions.plotHeatmap.mat.tab",
                "bwa/merged_library/deeptools/plotprofile/OSMOTIC_STRESS_T0_PE_REP2.mLb.clN.scale_regions.plotHeatmap.pdf",
                "bwa/merged_library/deeptools/plotprofile/OSMOTIC_STRESS_T100_SE_REP1.mLb.clN.reference_point.computeMatrix.mat.gz",
                "bwa/merged_library/deeptools/plotprofile/OSMOTIC_STRESS_T100_SE_REP1.mLb.clN.reference_point.computeMatrix.vals.mat.tab",
                "bwa/merged_library/deeptools/plotprofile/OSMOTIC_STRESS_T100_SE_REP1.mLb.clN.reference_point.plotProfile.pdf",
                "bwa/merged_library/deeptools/plotprofile/OSMOTIC_STRESS_T100_SE_REP1.mLb.clN.reference_point.plotProfile.tab",
                "bwa/merged_library/deeptools/plotprofile/OSMOTIC_STRESS_T100_SE_REP1.mLb.clN.scale_regions.computeMatrix.mat.gz",
                "bwa/merged_library/deeptools/plotprofile/OSMOTIC_STRESS_T100_SE_REP1.mLb.clN.scale_regions.computeMatrix.vals.mat.tab",
                "bwa/merged_library/deeptools/plotprofile/OSMOTIC_STRESS_T100_SE_REP1.mLb.clN.scale_regions.plotHeatmap.mat.tab",
                "bwa/merged_library/deeptools/plotprofile/OSMOTIC_STRESS_T100_SE_REP1.mLb.clN.scale_regions.plotHeatmap.pdf",
                "bwa/merged_library/deeptools/plotprofile/OSMOTIC_STRESS_T100_SE_REP2.mLb.clN.reference_point.computeMatrix.mat.gz",
                "bwa/merged_library/deeptools/plotprofile/OSMOTIC_STRESS_T100_SE_REP2.mLb.clN.reference_point.computeMatrix.vals.mat.tab",
                "bwa/merged_library/deeptools/plotprofile/OSMOTIC_STRESS_T100_SE_REP2.mLb.clN.reference_point.plotProfile.pdf",
                "bwa/merged_library/deeptools/plotprofile/OSMOTIC_STRESS_T100_SE_REP2.mLb.clN.reference_point.plotProfile.tab",
                "bwa/merged_library/deeptools/plotprofile/OSMOTIC_STRESS_T100_SE_REP2.mLb.clN.scale_regions.computeMatrix.mat.gz",
                "bwa/merged_library/deeptools/plotprofile/OSMOTIC_STRESS_T100_SE_REP2.mLb.clN.scale_regions.computeMatrix.vals.mat.tab",
                "bwa/merged_library/deeptools/plotprofile/OSMOTIC_STRESS_T100_SE_REP2.mLb.clN.scale_regions.plotHeatmap.mat.tab",
                "bwa/merged_library/deeptools/plotprofile/OSMOTIC_STRESS_T100_SE_REP2.mLb.clN.scale_regions.plotHeatmap.pdf",
                "bwa/merged_library/deeptools/plotprofile/OSMOTIC_STRESS_T150_SE_REP1.mLb.clN.reference_point.computeMatrix.mat.gz",
                "bwa/merged_library/deeptools/plotprofile/OSMOTIC_STRESS_T150_SE_REP1.mLb.clN.reference_point.computeMatrix.vals.mat.tab",
                "bwa/merged_library/deeptools/plotprofile/OSMOTIC_STRESS_T150_SE_REP1.mLb.clN.reference_point.plotProfile.pdf",
                "bwa/merged_library/deeptools/plotprofile/OSMOTIC_STRESS_T150_SE_REP1.mLb.clN.reference_point.plotProfile.tab",
                "bwa/merged_library/deeptools/plotprofile/OSMOTIC_STRESS_T150_SE_REP1.mLb.clN.scale_regions.computeMatrix.mat.gz",
                "bwa/merged_library/deeptools/plotprofile/OSMOTIC_STRESS_T150_SE_REP1.mLb.clN.scale_regions.computeMatrix.vals.mat.tab",
                "bwa/merged_library/deeptools/plotprofile/OSMOTIC_STRESS_T150_SE_REP1.mLb.clN.scale_regions.plotHeatmap.mat.tab",
                "bwa/merged_library/deeptools/plotprofile/OSMOTIC_STRESS_T150_SE_REP1.mLb.clN.scale_regions.plotHeatmap.pdf",
                "bwa/merged_library/deeptools/plotprofile/OSMOTIC_STRESS_T15_PE_REP1.mLb.clN.reference_point.computeMatrix.mat.gz",
                "bwa/merged_library/deeptools/plotprofile/OSMOTIC_STRESS_T15_PE_REP1.mLb.clN.reference_point.computeMatrix.vals.mat.tab",
                "bwa/merged_library/deeptools/plotprofile/OSMOTIC_STRESS_T15_PE_REP1.mLb.clN.reference_point.plotProfile.pdf",
                "bwa/merged_library/deeptools/plotprofile/OSMOTIC_STRESS_T15_PE_REP1.mLb.clN.reference_point.plotProfile.tab",
                "bwa/merged_library/deeptools/plotprofile/OSMOTIC_STRESS_T15_PE_REP1.mLb.clN.scale_regions.computeMatrix.mat.gz",
                "bwa/merged_library/deeptools/plotprofile/OSMOTIC_STRESS_T15_PE_REP1.mLb.clN.scale_regions.computeMatrix.vals.mat.tab",
                "bwa/merged_library/deeptools/plotprofile/OSMOTIC_STRESS_T15_PE_REP1.mLb.clN.scale_regions.plotHeatmap.mat.tab",
                "bwa/merged_library/deeptools/plotprofile/OSMOTIC_STRESS_T15_PE_REP1.mLb.clN.scale_regions.plotHeatmap.pdf",
                "bwa/merged_library/macs3",
                "bwa/merged_library/macs3/broad_peak",
                "bwa/merged_library/macs3/broad_peak/OSMOTIC_STRESS_T0_PE_REP1.mLb.clN_peaks.annotatePeaks.txt",
                "bwa/merged_library/macs3/broad_peak/OSMOTIC_STRESS_T0_PE_REP1.mLb.clN_peaks.broadPeak",
                "bwa/merged_library/macs3/broad_peak/OSMOTIC_STRESS_T0_PE_REP1.mLb.clN_peaks.gappedPeak",
                "bwa/merged_library/macs3/broad_peak/OSMOTIC_STRESS_T0_PE_REP1.mLb.clN_peaks.xls",
                "bwa/merged_library/macs3/broad_peak/OSMOTIC_STRESS_T0_PE_REP2.mLb.clN_peaks.annotatePeaks.txt",
                "bwa/merged_library/macs3/broad_peak/OSMOTIC_STRESS_T0_PE_REP2.mLb.clN_peaks.broadPeak",
                "bwa/merged_library/macs3/broad_peak/OSMOTIC_STRESS_T0_PE_REP2.mLb.clN_peaks.gappedPeak",
                "bwa/merged_library/macs3/broad_peak/OSMOTIC_STRESS_T0_PE_REP2.mLb.clN_peaks.xls",
                "bwa/merged_library/macs3/broad_peak/OSMOTIC_STRESS_T100_SE_REP1.mLb.clN_peaks.annotatePeaks.txt",
                "bwa/merged_library/macs3/broad_peak/OSMOTIC_STRESS_T100_SE_REP1.mLb.clN_peaks.broadPeak",
                "bwa/merged_library/macs3/broad_peak/OSMOTIC_STRESS_T100_SE_REP1.mLb.clN_peaks.gappedPeak",
                "bwa/merged_library/macs3/broad_peak/OSMOTIC_STRESS_T100_SE_REP1.mLb.clN_peaks.xls",
                "bwa/merged_library/macs3/broad_peak/OSMOTIC_STRESS_T100_SE_REP2.mLb.clN_peaks.annotatePeaks.txt",
                "bwa/merged_library/macs3/broad_peak/OSMOTIC_STRESS_T100_SE_REP2.mLb.clN_peaks.broadPeak",
                "bwa/merged_library/macs3/broad_peak/OSMOTIC_STRESS_T100_SE_REP2.mLb.clN_peaks.gappedPeak",
                "bwa/merged_library/macs3/broad_peak/OSMOTIC_STRESS_T100_SE_REP2.mLb.clN_peaks.xls",
                "bwa/merged_library/macs3/broad_peak/OSMOTIC_STRESS_T150_SE_REP1.mLb.clN_peaks.annotatePeaks.txt",
                "bwa/merged_library/macs3/broad_peak/OSMOTIC_STRESS_T150_SE_REP1.mLb.clN_peaks.broadPeak",
                "bwa/merged_library/macs3/broad_peak/OSMOTIC_STRESS_T150_SE_REP1.mLb.clN_peaks.gappedPeak",
                "bwa/merged_library/macs3/broad_peak/OSMOTIC_STRESS_T150_SE_REP1.mLb.clN_peaks.xls",
                "bwa/merged_library/macs3/broad_peak/OSMOTIC_STRESS_T15_PE_REP1.mLb.clN_peaks.annotatePeaks.txt",
                "bwa/merged_library/macs3/broad_peak/OSMOTIC_STRESS_T15_PE_REP1.mLb.clN_peaks.broadPeak",
                "bwa/merged_library/macs3/broad_peak/OSMOTIC_STRESS_T15_PE_REP1.mLb.clN_peaks.gappedPeak",
                "bwa/merged_library/macs3/broad_peak/OSMOTIC_STRESS_T15_PE_REP1.mLb.clN_peaks.xls",
                "bwa/merged_library/macs3/broad_peak/consensus",
                "bwa/merged_library/macs3/broad_peak/consensus/consensus_peaks.mLb.clN.PE.featureCounts.tsv",
                "bwa/merged_library/macs3/broad_peak/consensus/consensus_peaks.mLb.clN.PE.featureCounts.tsv.summary",
                "bwa/merged_library/macs3/broad_peak/consensus/consensus_peaks.mLb.clN.SE.featureCounts.tsv",
                "bwa/merged_library/macs3/broad_peak/consensus/consensus_peaks.mLb.clN.SE.featureCounts.tsv.summary",
                "bwa/merged_library/macs3/broad_peak/consensus/consensus_peaks.mLb.clN.annotatePeaks.txt",
                "bwa/merged_library/macs3/broad_peak/consensus/consensus_peaks.mLb.clN.bed",
                "bwa/merged_library/macs3/broad_peak/consensus/consensus_peaks.mLb.clN.boolean.intersect.plot.pdf",
                "bwa/merged_library/macs3/broad_peak/consensus/consensus_peaks.mLb.clN.boolean.intersect.txt",
                "bwa/merged_library/macs3/broad_peak/consensus/consensus_peaks.mLb.clN.boolean.txt",
                "bwa/merged_library/macs3/broad_peak/consensus/consensus_peaks.mLb.clN.featureCounts.tsv",
                "bwa/merged_library/macs3/broad_peak/consensus/consensus_peaks.mLb.clN.saf",
                "bwa/merged_library/macs3/broad_peak/consensus/deseq2",
                "bwa/merged_library/macs3/broad_peak/consensus/deseq2/R_sessionInfo.log",
                "bwa/merged_library/macs3/broad_peak/consensus/deseq2/consensus_peaks.mLb.clN.dds.RData",
                "bwa/merged_library/macs3/broad_peak/consensus/deseq2/consensus_peaks.mLb.clN.pca.vals.txt",
                "bwa/merged_library/macs3/broad_peak/consensus/deseq2/consensus_peaks.mLb.clN.pca.vals_mqc.tsv",
                "bwa/merged_library/macs3/broad_peak/consensus/deseq2/consensus_peaks.mLb.clN.plots.pdf",
                "bwa/merged_library/macs3/broad_peak/consensus/deseq2/consensus_peaks.mLb.clN.rds",
                "bwa/merged_library/macs3/broad_peak/consensus/deseq2/consensus_peaks.mLb.clN.sample.dists.txt",
                "bwa/merged_library/macs3/broad_peak/consensus/deseq2/consensus_peaks.mLb.clN.sample.dists_mqc.tsv",
                "bwa/merged_library/macs3/broad_peak/consensus/deseq2/size_factors",
                "bwa/merged_library/macs3/broad_peak/consensus/deseq2/size_factors/OSMOTIC_STRESS_T0_PE_REP1.size_factors.txt",
                "bwa/merged_library/macs3/broad_peak/consensus/deseq2/size_factors/OSMOTIC_STRESS_T0_PE_REP2.size_factors.txt",
                "bwa/merged_library/macs3/broad_peak/consensus/deseq2/size_factors/OSMOTIC_STRESS_T100_SE_REP1.size_factors.txt",
                "bwa/merged_library/macs3/broad_peak/consensus/deseq2/size_factors/OSMOTIC_STRESS_T100_SE_REP2.size_factors.txt",
                "bwa/merged_library/macs3/broad_peak/consensus/deseq2/size_factors/OSMOTIC_STRESS_T150_SE_REP1.size_factors.txt",
                "bwa/merged_library/macs3/broad_peak/consensus/deseq2/size_factors/OSMOTIC_STRESS_T15_PE_REP1.size_factors.txt",
                "bwa/merged_library/macs3/broad_peak/consensus/deseq2/size_factors/consensus_peaks.mLb.clN.size_factors.RData",
                "bwa/merged_library/macs3/broad_peak/qc",
                "bwa/merged_library/macs3/broad_peak/qc/OSMOTIC_STRESS_T0_PE_REP1.mLb.clN_peaks.FRiP_mqc.tsv",
                "bwa/merged_library/macs3/broad_peak/qc/OSMOTIC_STRESS_T0_PE_REP1.mLb.clN_peaks.count_mqc.tsv",
                "bwa/merged_library/macs3/broad_peak/qc/OSMOTIC_STRESS_T0_PE_REP2.mLb.clN_peaks.FRiP_mqc.tsv",
                "bwa/merged_library/macs3/broad_peak/qc/OSMOTIC_STRESS_T0_PE_REP2.mLb.clN_peaks.count_mqc.tsv",
                "bwa/merged_library/macs3/broad_peak/qc/OSMOTIC_STRESS_T100_SE_REP1.mLb.clN_peaks.FRiP_mqc.tsv",
                "bwa/merged_library/macs3/broad_peak/qc/OSMOTIC_STRESS_T100_SE_REP1.mLb.clN_peaks.count_mqc.tsv",
                "bwa/merged_library/macs3/broad_peak/qc/OSMOTIC_STRESS_T100_SE_REP2.mLb.clN_peaks.FRiP_mqc.tsv",
                "bwa/merged_library/macs3/broad_peak/qc/OSMOTIC_STRESS_T100_SE_REP2.mLb.clN_peaks.count_mqc.tsv",
                "bwa/merged_library/macs3/broad_peak/qc/OSMOTIC_STRESS_T150_SE_REP1.mLb.clN_peaks.FRiP_mqc.tsv",
                "bwa/merged_library/macs3/broad_peak/qc/OSMOTIC_STRESS_T150_SE_REP1.mLb.clN_peaks.count_mqc.tsv",
                "bwa/merged_library/macs3/broad_peak/qc/OSMOTIC_STRESS_T15_PE_REP1.mLb.clN_peaks.FRiP_mqc.tsv",
                "bwa/merged_library/macs3/broad_peak/qc/OSMOTIC_STRESS_T15_PE_REP1.mLb.clN_peaks.count_mqc.tsv",
                "bwa/merged_library/macs3/broad_peak/qc/macs3_annotatePeaks.mLb.clN.plots.pdf",
                "bwa/merged_library/macs3/broad_peak/qc/macs3_annotatePeaks.mLb.clN.summary.txt",
                "bwa/merged_library/macs3/broad_peak/qc/macs3_annotatePeaks.mLb.clN.summary_mqc.tsv",
                "bwa/merged_library/macs3/broad_peak/qc/macs3_peak.mLb.clN.plots.pdf",
                "bwa/merged_library/macs3/broad_peak/qc/macs3_peak.mLb.clN.summary.txt",
                "bwa/merged_library/picard_metrics",
                "bwa/merged_library/picard_metrics/OSMOTIC_STRESS_T0_PE_REP1.mLb.clN.CollectMultipleMetrics.alignment_summary_metrics",
                "bwa/merged_library/picard_metrics/OSMOTIC_STRESS_T0_PE_REP1.mLb.clN.CollectMultipleMetrics.base_distribution_by_cycle_metrics",
                "bwa/merged_library/picard_metrics/OSMOTIC_STRESS_T0_PE_REP1.mLb.clN.CollectMultipleMetrics.insert_size_metrics",
                "bwa/merged_library/picard_metrics/OSMOTIC_STRESS_T0_PE_REP1.mLb.clN.CollectMultipleMetrics.quality_by_cycle_metrics",
                "bwa/merged_library/picard_metrics/OSMOTIC_STRESS_T0_PE_REP1.mLb.clN.CollectMultipleMetrics.quality_distribution_metrics",
                "bwa/merged_library/picard_metrics/OSMOTIC_STRESS_T0_PE_REP1.mLb.mkD.sorted.metrics.txt",
                "bwa/merged_library/picard_metrics/OSMOTIC_STRESS_T0_PE_REP2.mLb.clN.CollectMultipleMetrics.alignment_summary_metrics",
                "bwa/merged_library/picard_metrics/OSMOTIC_STRESS_T0_PE_REP2.mLb.clN.CollectMultipleMetrics.base_distribution_by_cycle_metrics",
                "bwa/merged_library/picard_metrics/OSMOTIC_STRESS_T0_PE_REP2.mLb.clN.CollectMultipleMetrics.insert_size_metrics",
                "bwa/merged_library/picard_metrics/OSMOTIC_STRESS_T0_PE_REP2.mLb.clN.CollectMultipleMetrics.quality_by_cycle_metrics",
                "bwa/merged_library/picard_metrics/OSMOTIC_STRESS_T0_PE_REP2.mLb.clN.CollectMultipleMetrics.quality_distribution_metrics",
                "bwa/merged_library/picard_metrics/OSMOTIC_STRESS_T0_PE_REP2.mLb.mkD.sorted.metrics.txt",
                "bwa/merged_library/picard_metrics/OSMOTIC_STRESS_T100_SE_REP1.mLb.clN.CollectMultipleMetrics.alignment_summary_metrics",
                "bwa/merged_library/picard_metrics/OSMOTIC_STRESS_T100_SE_REP1.mLb.clN.CollectMultipleMetrics.base_distribution_by_cycle_metrics",
                "bwa/merged_library/picard_metrics/OSMOTIC_STRESS_T100_SE_REP1.mLb.clN.CollectMultipleMetrics.quality_by_cycle_metrics",
                "bwa/merged_library/picard_metrics/OSMOTIC_STRESS_T100_SE_REP1.mLb.clN.CollectMultipleMetrics.quality_distribution_metrics",
                "bwa/merged_library/picard_metrics/OSMOTIC_STRESS_T100_SE_REP1.mLb.mkD.sorted.metrics.txt",
                "bwa/merged_library/picard_metrics/OSMOTIC_STRESS_T100_SE_REP2.mLb.clN.CollectMultipleMetrics.alignment_summary_metrics",
                "bwa/merged_library/picard_metrics/OSMOTIC_STRESS_T100_SE_REP2.mLb.clN.CollectMultipleMetrics.base_distribution_by_cycle_metrics",
                "bwa/merged_library/picard_metrics/OSMOTIC_STRESS_T100_SE_REP2.mLb.clN.CollectMultipleMetrics.quality_by_cycle_metrics",
                "bwa/merged_library/picard_metrics/OSMOTIC_STRESS_T100_SE_REP2.mLb.clN.CollectMultipleMetrics.quality_distribution_metrics",
                "bwa/merged_library/picard_metrics/OSMOTIC_STRESS_T100_SE_REP2.mLb.mkD.sorted.metrics.txt",
                "bwa/merged_library/picard_metrics/OSMOTIC_STRESS_T150_SE_REP1.mLb.clN.CollectMultipleMetrics.alignment_summary_metrics",
                "bwa/merged_library/picard_metrics/OSMOTIC_STRESS_T150_SE_REP1.mLb.clN.CollectMultipleMetrics.base_distribution_by_cycle_metrics",
                "bwa/merged_library/picard_metrics/OSMOTIC_STRESS_T150_SE_REP1.mLb.clN.CollectMultipleMetrics.quality_by_cycle_metrics",
                "bwa/merged_library/picard_metrics/OSMOTIC_STRESS_T150_SE_REP1.mLb.clN.CollectMultipleMetrics.quality_distribution_metrics",
                "bwa/merged_library/picard_metrics/OSMOTIC_STRESS_T150_SE_REP1.mLb.mkD.sorted.metrics.txt",
                "bwa/merged_library/picard_metrics/OSMOTIC_STRESS_T15_PE_REP1.mLb.clN.CollectMultipleMetrics.alignment_summary_metrics",
                "bwa/merged_library/picard_metrics/OSMOTIC_STRESS_T15_PE_REP1.mLb.clN.CollectMultipleMetrics.base_distribution_by_cycle_metrics",
                "bwa/merged_library/picard_metrics/OSMOTIC_STRESS_T15_PE_REP1.mLb.clN.CollectMultipleMetrics.insert_size_metrics",
                "bwa/merged_library/picard_metrics/OSMOTIC_STRESS_T15_PE_REP1.mLb.clN.CollectMultipleMetrics.quality_by_cycle_metrics",
                "bwa/merged_library/picard_metrics/OSMOTIC_STRESS_T15_PE_REP1.mLb.clN.CollectMultipleMetrics.quality_distribution_metrics",
                "bwa/merged_library/picard_metrics/OSMOTIC_STRESS_T15_PE_REP1.mLb.mkD.sorted.metrics.txt",
                "bwa/merged_library/picard_metrics/pdf",
                "bwa/merged_library/picard_metrics/pdf/OSMOTIC_STRESS_T0_PE_REP1.mLb.clN.CollectMultipleMetrics.base_distribution_by_cycle.pdf",
                "bwa/merged_library/picard_metrics/pdf/OSMOTIC_STRESS_T0_PE_REP1.mLb.clN.CollectMultipleMetrics.insert_size_histogram.pdf",
                "bwa/merged_library/picard_metrics/pdf/OSMOTIC_STRESS_T0_PE_REP1.mLb.clN.CollectMultipleMetrics.quality_by_cycle.pdf",
                "bwa/merged_library/picard_metrics/pdf/OSMOTIC_STRESS_T0_PE_REP1.mLb.clN.CollectMultipleMetrics.quality_distribution.pdf",
                "bwa/merged_library/picard_metrics/pdf/OSMOTIC_STRESS_T0_PE_REP1.mLb.clN.CollectMultipleMetrics.read_length_histogram.pdf",
                "bwa/merged_library/picard_metrics/pdf/OSMOTIC_STRESS_T0_PE_REP2.mLb.clN.CollectMultipleMetrics.base_distribution_by_cycle.pdf",
                "bwa/merged_library/picard_metrics/pdf/OSMOTIC_STRESS_T0_PE_REP2.mLb.clN.CollectMultipleMetrics.insert_size_histogram.pdf",
                "bwa/merged_library/picard_metrics/pdf/OSMOTIC_STRESS_T0_PE_REP2.mLb.clN.CollectMultipleMetrics.quality_by_cycle.pdf",
                "bwa/merged_library/picard_metrics/pdf/OSMOTIC_STRESS_T0_PE_REP2.mLb.clN.CollectMultipleMetrics.quality_distribution.pdf",
                "bwa/merged_library/picard_metrics/pdf/OSMOTIC_STRESS_T0_PE_REP2.mLb.clN.CollectMultipleMetrics.read_length_histogram.pdf",
                "bwa/merged_library/picard_metrics/pdf/OSMOTIC_STRESS_T100_SE_REP1.mLb.clN.CollectMultipleMetrics.base_distribution_by_cycle.pdf",
                "bwa/merged_library/picard_metrics/pdf/OSMOTIC_STRESS_T100_SE_REP1.mLb.clN.CollectMultipleMetrics.quality_by_cycle.pdf",
                "bwa/merged_library/picard_metrics/pdf/OSMOTIC_STRESS_T100_SE_REP1.mLb.clN.CollectMultipleMetrics.quality_distribution.pdf",
                "bwa/merged_library/picard_metrics/pdf/OSMOTIC_STRESS_T100_SE_REP1.mLb.clN.CollectMultipleMetrics.read_length_histogram.pdf",
                "bwa/merged_library/picard_metrics/pdf/OSMOTIC_STRESS_T100_SE_REP2.mLb.clN.CollectMultipleMetrics.base_distribution_by_cycle.pdf",
                "bwa/merged_library/picard_metrics/pdf/OSMOTIC_STRESS_T100_SE_REP2.mLb.clN.CollectMultipleMetrics.quality_by_cycle.pdf",
                "bwa/merged_library/picard_metrics/pdf/OSMOTIC_STRESS_T100_SE_REP2.mLb.clN.CollectMultipleMetrics.quality_distribution.pdf",
                "bwa/merged_library/picard_metrics/pdf/OSMOTIC_STRESS_T100_SE_REP2.mLb.clN.CollectMultipleMetrics.read_length_histogram.pdf",
                "bwa/merged_library/picard_metrics/pdf/OSMOTIC_STRESS_T150_SE_REP1.mLb.clN.CollectMultipleMetrics.base_distribution_by_cycle.pdf",
                "bwa/merged_library/picard_metrics/pdf/OSMOTIC_STRESS_T150_SE_REP1.mLb.clN.CollectMultipleMetrics.quality_by_cycle.pdf",
                "bwa/merged_library/picard_metrics/pdf/OSMOTIC_STRESS_T150_SE_REP1.mLb.clN.CollectMultipleMetrics.quality_distribution.pdf",
                "bwa/merged_library/picard_metrics/pdf/OSMOTIC_STRESS_T150_SE_REP1.mLb.clN.CollectMultipleMetrics.read_length_histogram.pdf",
                "bwa/merged_library/picard_metrics/pdf/OSMOTIC_STRESS_T15_PE_REP1.mLb.clN.CollectMultipleMetrics.base_distribution_by_cycle.pdf",
                "bwa/merged_library/picard_metrics/pdf/OSMOTIC_STRESS_T15_PE_REP1.mLb.clN.CollectMultipleMetrics.insert_size_histogram.pdf",
                "bwa/merged_library/picard_metrics/pdf/OSMOTIC_STRESS_T15_PE_REP1.mLb.clN.CollectMultipleMetrics.quality_by_cycle.pdf",
                "bwa/merged_library/picard_metrics/pdf/OSMOTIC_STRESS_T15_PE_REP1.mLb.clN.CollectMultipleMetrics.quality_distribution.pdf",
                "bwa/merged_library/picard_metrics/pdf/OSMOTIC_STRESS_T15_PE_REP1.mLb.clN.CollectMultipleMetrics.read_length_histogram.pdf",
                "bwa/merged_library/samtools_stats",
                "bwa/merged_library/samtools_stats/OSMOTIC_STRESS_T0_PE_REP1.mLb.clN.sorted.bam.flagstat",
                "bwa/merged_library/samtools_stats/OSMOTIC_STRESS_T0_PE_REP1.mLb.clN.sorted.bam.idxstats",
                "bwa/merged_library/samtools_stats/OSMOTIC_STRESS_T0_PE_REP1.mLb.clN.sorted.bam.stats",
                "bwa/merged_library/samtools_stats/OSMOTIC_STRESS_T0_PE_REP1.mLb.mkD.sorted.bam.flagstat",
                "bwa/merged_library/samtools_stats/OSMOTIC_STRESS_T0_PE_REP1.mLb.mkD.sorted.bam.idxstats",
                "bwa/merged_library/samtools_stats/OSMOTIC_STRESS_T0_PE_REP1.mLb.mkD.sorted.bam.stats",
                "bwa/merged_library/samtools_stats/OSMOTIC_STRESS_T0_PE_REP2.mLb.clN.sorted.bam.flagstat",
                "bwa/merged_library/samtools_stats/OSMOTIC_STRESS_T0_PE_REP2.mLb.clN.sorted.bam.idxstats",
                "bwa/merged_library/samtools_stats/OSMOTIC_STRESS_T0_PE_REP2.mLb.clN.sorted.bam.stats",
                "bwa/merged_library/samtools_stats/OSMOTIC_STRESS_T0_PE_REP2.mLb.mkD.sorted.bam.flagstat",
                "bwa/merged_library/samtools_stats/OSMOTIC_STRESS_T0_PE_REP2.mLb.mkD.sorted.bam.idxstats",
                "bwa/merged_library/samtools_stats/OSMOTIC_STRESS_T0_PE_REP2.mLb.mkD.sorted.bam.stats",
                "bwa/merged_library/samtools_stats/OSMOTIC_STRESS_T100_SE_REP1.mLb.clN.sorted.bam.flagstat",
                "bwa/merged_library/samtools_stats/OSMOTIC_STRESS_T100_SE_REP1.mLb.clN.sorted.bam.idxstats",
                "bwa/merged_library/samtools_stats/OSMOTIC_STRESS_T100_SE_REP1.mLb.clN.sorted.bam.stats",
                "bwa/merged_library/samtools_stats/OSMOTIC_STRESS_T100_SE_REP1.mLb.mkD.sorted.bam.flagstat",
                "bwa/merged_library/samtools_stats/OSMOTIC_STRESS_T100_SE_REP1.mLb.mkD.sorted.bam.idxstats",
                "bwa/merged_library/samtools_stats/OSMOTIC_STRESS_T100_SE_REP1.mLb.mkD.sorted.bam.stats",
                "bwa/merged_library/samtools_stats/OSMOTIC_STRESS_T100_SE_REP2.mLb.clN.sorted.bam.flagstat",
                "bwa/merged_library/samtools_stats/OSMOTIC_STRESS_T100_SE_REP2.mLb.clN.sorted.bam.idxstats",
                "bwa/merged_library/samtools_stats/OSMOTIC_STRESS_T100_SE_REP2.mLb.clN.sorted.bam.stats",
                "bwa/merged_library/samtools_stats/OSMOTIC_STRESS_T100_SE_REP2.mLb.mkD.sorted.bam.flagstat",
                "bwa/merged_library/samtools_stats/OSMOTIC_STRESS_T100_SE_REP2.mLb.mkD.sorted.bam.idxstats",
                "bwa/merged_library/samtools_stats/OSMOTIC_STRESS_T100_SE_REP2.mLb.mkD.sorted.bam.stats",
                "bwa/merged_library/samtools_stats/OSMOTIC_STRESS_T150_SE_REP1.mLb.clN.sorted.bam.flagstat",
                "bwa/merged_library/samtools_stats/OSMOTIC_STRESS_T150_SE_REP1.mLb.clN.sorted.bam.idxstats",
                "bwa/merged_library/samtools_stats/OSMOTIC_STRESS_T150_SE_REP1.mLb.clN.sorted.bam.stats",
                "bwa/merged_library/samtools_stats/OSMOTIC_STRESS_T150_SE_REP1.mLb.mkD.sorted.bam.flagstat",
                "bwa/merged_library/samtools_stats/OSMOTIC_STRESS_T150_SE_REP1.mLb.mkD.sorted.bam.idxstats",
                "bwa/merged_library/samtools_stats/OSMOTIC_STRESS_T150_SE_REP1.mLb.mkD.sorted.bam.stats",
                "bwa/merged_library/samtools_stats/OSMOTIC_STRESS_T15_PE_REP1.mLb.clN.sorted.bam.flagstat",
                "bwa/merged_library/samtools_stats/OSMOTIC_STRESS_T15_PE_REP1.mLb.clN.sorted.bam.idxstats",
                "bwa/merged_library/samtools_stats/OSMOTIC_STRESS_T15_PE_REP1.mLb.clN.sorted.bam.stats",
                "bwa/merged_library/samtools_stats/OSMOTIC_STRESS_T15_PE_REP1.mLb.mkD.sorted.bam.flagstat",
                "bwa/merged_library/samtools_stats/OSMOTIC_STRESS_T15_PE_REP1.mLb.mkD.sorted.bam.idxstats",
                "bwa/merged_library/samtools_stats/OSMOTIC_STRESS_T15_PE_REP1.mLb.mkD.sorted.bam.stats",
                "bwa/merged_replicate",
                "bwa/merged_replicate/OSMOTIC_STRESS_T0_PE.mRp.clN.sorted.bam",
                "bwa/merged_replicate/OSMOTIC_STRESS_T0_PE.mRp.clN.sorted.bam.bai",
                "bwa/merged_replicate/OSMOTIC_STRESS_T100_SE.mRp.clN.sorted.bam",
                "bwa/merged_replicate/OSMOTIC_STRESS_T100_SE.mRp.clN.sorted.bam.bai",
                "bwa/merged_replicate/bigwig",
                "bwa/merged_replicate/bigwig/OSMOTIC_STRESS_T0_PE.mRp.clN.bigWig",
                "bwa/merged_replicate/bigwig/OSMOTIC_STRESS_T100_SE.mRp.clN.bigWig",
                "bwa/merged_replicate/bigwig/scale",
                "bwa/merged_replicate/bigwig/scale/OSMOTIC_STRESS_T0_PE.mRp.clN.scale_factor.txt",
                "bwa/merged_replicate/bigwig/scale/OSMOTIC_STRESS_T100_SE.mRp.clN.scale_factor.txt",
                "bwa/merged_replicate/macs3",
                "bwa/merged_replicate/macs3/broad_peak",
                "bwa/merged_replicate/macs3/broad_peak/OSMOTIC_STRESS_T0_PE.mRp.clN_peaks.annotatePeaks.txt",
                "bwa/merged_replicate/macs3/broad_peak/OSMOTIC_STRESS_T0_PE.mRp.clN_peaks.broadPeak",
                "bwa/merged_replicate/macs3/broad_peak/OSMOTIC_STRESS_T0_PE.mRp.clN_peaks.gappedPeak",
                "bwa/merged_replicate/macs3/broad_peak/OSMOTIC_STRESS_T0_PE.mRp.clN_peaks.xls",
                "bwa/merged_replicate/macs3/broad_peak/OSMOTIC_STRESS_T100_SE.mRp.clN_peaks.annotatePeaks.txt",
                "bwa/merged_replicate/macs3/broad_peak/OSMOTIC_STRESS_T100_SE.mRp.clN_peaks.broadPeak",
                "bwa/merged_replicate/macs3/broad_peak/OSMOTIC_STRESS_T100_SE.mRp.clN_peaks.gappedPeak",
                "bwa/merged_replicate/macs3/broad_peak/OSMOTIC_STRESS_T100_SE.mRp.clN_peaks.xls",
                "bwa/merged_replicate/macs3/broad_peak/consensus",
                "bwa/merged_replicate/macs3/broad_peak/consensus/consensus_peaks.mRp.clN.PE.featureCounts.tsv",
                "bwa/merged_replicate/macs3/broad_peak/consensus/consensus_peaks.mRp.clN.PE.featureCounts.tsv.summary",
                "bwa/merged_replicate/macs3/broad_peak/consensus/consensus_peaks.mRp.clN.SE.featureCounts.tsv",
                "bwa/merged_replicate/macs3/broad_peak/consensus/consensus_peaks.mRp.clN.SE.featureCounts.tsv.summary",
                "bwa/merged_replicate/macs3/broad_peak/consensus/consensus_peaks.mRp.clN.annotatePeaks.txt",
                "bwa/merged_replicate/macs3/broad_peak/consensus/consensus_peaks.mRp.clN.bed",
                "bwa/merged_replicate/macs3/broad_peak/consensus/consensus_peaks.mRp.clN.boolean.intersect.plot.pdf",
                "bwa/merged_replicate/macs3/broad_peak/consensus/consensus_peaks.mRp.clN.boolean.intersect.txt",
                "bwa/merged_replicate/macs3/broad_peak/consensus/consensus_peaks.mRp.clN.boolean.txt",
                "bwa/merged_replicate/macs3/broad_peak/consensus/consensus_peaks.mRp.clN.featureCounts.tsv",
                "bwa/merged_replicate/macs3/broad_peak/consensus/consensus_peaks.mRp.clN.saf",
                "bwa/merged_replicate/macs3/broad_peak/consensus/deseq2",
                "bwa/merged_replicate/macs3/broad_peak/consensus/deseq2/R_sessionInfo.log",
                "bwa/merged_replicate/macs3/broad_peak/consensus/deseq2/consensus_peaks.mRp.clN.dds.RData",
                "bwa/merged_replicate/macs3/broad_peak/consensus/deseq2/consensus_peaks.mRp.clN.pca.vals.txt",
                "bwa/merged_replicate/macs3/broad_peak/consensus/deseq2/consensus_peaks.mRp.clN.pca.vals_mqc.tsv",
                "bwa/merged_replicate/macs3/broad_peak/consensus/deseq2/consensus_peaks.mRp.clN.plots.pdf",
                "bwa/merged_replicate/macs3/broad_peak/consensus/deseq2/consensus_peaks.mRp.clN.rds",
                "bwa/merged_replicate/macs3/broad_peak/consensus/deseq2/consensus_peaks.mRp.clN.sample.dists.txt",
                "bwa/merged_replicate/macs3/broad_peak/consensus/deseq2/consensus_peaks.mRp.clN.sample.dists_mqc.tsv",
                "bwa/merged_replicate/macs3/broad_peak/consensus/deseq2/size_factors",
                "bwa/merged_replicate/macs3/broad_peak/consensus/deseq2/size_factors/OSMOTIC_STRESS_T0_PE_REP1.size_factors.txt",
                "bwa/merged_replicate/macs3/broad_peak/consensus/deseq2/size_factors/OSMOTIC_STRESS_T0_PE_REP2.size_factors.txt",
                "bwa/merged_replicate/macs3/broad_peak/consensus/deseq2/size_factors/OSMOTIC_STRESS_T100_SE_REP1.size_factors.txt",
                "bwa/merged_replicate/macs3/broad_peak/consensus/deseq2/size_factors/OSMOTIC_STRESS_T100_SE_REP2.size_factors.txt",
                "bwa/merged_replicate/macs3/broad_peak/consensus/deseq2/size_factors/consensus_peaks.mRp.clN.size_factors.RData",
                "bwa/merged_replicate/macs3/broad_peak/qc",
                "bwa/merged_replicate/macs3/broad_peak/qc/OSMOTIC_STRESS_T0_PE.mRp.clN_peaks.FRiP_mqc.tsv",
                "bwa/merged_replicate/macs3/broad_peak/qc/OSMOTIC_STRESS_T0_PE.mRp.clN_peaks.count_mqc.tsv",
                "bwa/merged_replicate/macs3/broad_peak/qc/OSMOTIC_STRESS_T100_SE.mRp.clN_peaks.FRiP_mqc.tsv",
                "bwa/merged_replicate/macs3/broad_peak/qc/OSMOTIC_STRESS_T100_SE.mRp.clN_peaks.count_mqc.tsv",
                "bwa/merged_replicate/macs3/broad_peak/qc/macs3_annotatePeaks.mRp.clN.plots.pdf",
                "bwa/merged_replicate/macs3/broad_peak/qc/macs3_annotatePeaks.mRp.clN.summary.txt",
                "bwa/merged_replicate/macs3/broad_peak/qc/macs3_annotatePeaks.mRp.clN.summary_mqc.tsv",
                "bwa/merged_replicate/macs3/broad_peak/qc/macs3_peak.mRp.clN.plots.pdf",
                "bwa/merged_replicate/macs3/broad_peak/qc/macs3_peak.mRp.clN.summary.txt",
                "bwa/merged_replicate/picard_metrics",
                "bwa/merged_replicate/picard_metrics/OSMOTIC_STRESS_T0_PE.mRp.clN.sorted.metrics.txt",
                "bwa/merged_replicate/picard_metrics/OSMOTIC_STRESS_T100_SE.mRp.clN.sorted.metrics.txt",
                "bwa/merged_replicate/samtools_stats",
                "bwa/merged_replicate/samtools_stats/OSMOTIC_STRESS_T0_PE.mRp.clN.sorted.bam.flagstat",
                "bwa/merged_replicate/samtools_stats/OSMOTIC_STRESS_T0_PE.mRp.clN.sorted.bam.idxstats",
                "bwa/merged_replicate/samtools_stats/OSMOTIC_STRESS_T0_PE.mRp.clN.sorted.bam.stats",
                "bwa/merged_replicate/samtools_stats/OSMOTIC_STRESS_T100_SE.mRp.clN.sorted.bam.flagstat",
                "bwa/merged_replicate/samtools_stats/OSMOTIC_STRESS_T100_SE.mRp.clN.sorted.bam.idxstats",
                "bwa/merged_replicate/samtools_stats/OSMOTIC_STRESS_T100_SE.mRp.clN.sorted.bam.stats",
                "fastqc",
                "fastqc/OSMOTIC_STRESS_T0_PE_REP1_T1_1_fastqc.html",
                "fastqc/OSMOTIC_STRESS_T0_PE_REP1_T1_2_fastqc.html",
                "fastqc/OSMOTIC_STRESS_T0_PE_REP2_T1_1_fastqc.html",
                "fastqc/OSMOTIC_STRESS_T0_PE_REP2_T1_2_fastqc.html",
                "fastqc/OSMOTIC_STRESS_T100_SE_REP1_T1_fastqc.html",
                "fastqc/OSMOTIC_STRESS_T100_SE_REP2_T1_fastqc.html",
                "fastqc/OSMOTIC_STRESS_T150_SE_REP1_T1_fastqc.html",
                "fastqc/OSMOTIC_STRESS_T150_SE_REP1_T2_fastqc.html",
                "fastqc/OSMOTIC_STRESS_T15_PE_REP1_T1_1_fastqc.html",
                "fastqc/OSMOTIC_STRESS_T15_PE_REP1_T1_2_fastqc.html",
                "fastqc/OSMOTIC_STRESS_T15_PE_REP1_T2_1_fastqc.html",
                "fastqc/OSMOTIC_STRESS_T15_PE_REP1_T2_2_fastqc.html",
                "fastqc/zips",
                "fastqc/zips/OSMOTIC_STRESS_T0_PE_REP1_T1_1_fastqc.zip",
                "fastqc/zips/OSMOTIC_STRESS_T0_PE_REP1_T1_2_fastqc.zip",
                "fastqc/zips/OSMOTIC_STRESS_T0_PE_REP2_T1_1_fastqc.zip",
                "fastqc/zips/OSMOTIC_STRESS_T0_PE_REP2_T1_2_fastqc.zip",
                "fastqc/zips/OSMOTIC_STRESS_T100_SE_REP1_T1_fastqc.zip",
                "fastqc/zips/OSMOTIC_STRESS_T100_SE_REP2_T1_fastqc.zip",
                "fastqc/zips/OSMOTIC_STRESS_T150_SE_REP1_T1_fastqc.zip",
                "fastqc/zips/OSMOTIC_STRESS_T150_SE_REP1_T2_fastqc.zip",
                "fastqc/zips/OSMOTIC_STRESS_T15_PE_REP1_T1_1_fastqc.zip",
                "fastqc/zips/OSMOTIC_STRESS_T15_PE_REP1_T1_2_fastqc.zip",
                "fastqc/zips/OSMOTIC_STRESS_T15_PE_REP1_T2_1_fastqc.zip",
                "fastqc/zips/OSMOTIC_STRESS_T15_PE_REP1_T2_2_fastqc.zip",
                "genome",
                "genome/genome.fa",
                "genome/genome.fa.fai",
                "igv",
                "igv/broad_peak",
                "igv/broad_peak/igv_files.txt",
                "igv/broad_peak/igv_session.xml",
                "multiqc",
                "multiqc/broad_peak",
                "multiqc/broad_peak/multiqc_data",
                "multiqc/broad_peak/multiqc_data/deeptools_plot_fingerprint_counts_mlib_deeptools.txt",
                "multiqc/broad_peak/multiqc_data/deeptools_plot_profile_mlib_deeptools.txt",
                "multiqc/broad_peak/multiqc_data/mqc_deeptools_fingerprint_plot_1.txt",
                "multiqc/broad_peak/multiqc_data/mqc_fastqc_adapter_content_plot_1.txt",
                "multiqc/broad_peak/multiqc_data/mqc_fastqc_per_base_n_content_plot_1.txt",
                "multiqc/broad_peak/multiqc_data/mqc_fastqc_per_base_sequence_quality_plot_1.txt",
                "multiqc/broad_peak/multiqc_data/mqc_fastqc_per_sequence_gc_content_plot_Counts.txt",
                "multiqc/broad_peak/multiqc_data/mqc_fastqc_per_sequence_gc_content_plot_Percentages.txt",
                "multiqc/broad_peak/multiqc_data/mqc_fastqc_per_sequence_quality_scores_plot_1.txt",
                "multiqc/broad_peak/multiqc_data/mqc_fastqc_sequence_counts_plot_1.txt",
                "multiqc/broad_peak/multiqc_data/mqc_fastqc_sequence_duplication_levels_plot_1.txt",
                "multiqc/broad_peak/multiqc_data/mqc_featureCounts_assignment_plot-2_1.txt",
                "multiqc/broad_peak/multiqc_data/mqc_featureCounts_assignment_plot_1.txt",
                "multiqc/broad_peak/multiqc_data/mqc_picard_alignment_readlength_plot_1.txt",
                "multiqc/broad_peak/multiqc_data/mqc_picard_alignment_summary__name_Aligned_Bases_ylab_Bases_cpswitch_counts_label_Number_of_Bases_.txt",
                "multiqc/broad_peak/multiqc_data/mqc_picard_alignment_summary__name_Aligned_Reads_ylab_Reads_cpswitch_counts_label_Number_of_Reads_.txt",
                "multiqc/broad_peak/multiqc_data/mqc_picard_base_distribution_by_cycle__Adenine.txt",
                "multiqc/broad_peak/multiqc_data/mqc_picard_base_distribution_by_cycle__Cytosine.txt",
                "multiqc/broad_peak/multiqc_data/mqc_picard_base_distribution_by_cycle__Guanine.txt",
                "multiqc/broad_peak/multiqc_data/mqc_picard_base_distribution_by_cycle__Thymine.txt",
                "multiqc/broad_peak/multiqc_data/mqc_picard_base_distribution_by_cycle__Undetermined.txt",
                "multiqc/broad_peak/multiqc_data/mqc_picard_deduplication-2_1.txt",
                "multiqc/broad_peak/multiqc_data/mqc_picard_deduplication_1.txt",
                "multiqc/broad_peak/multiqc_data/mqc_picard_insert_size_Counts.txt",
                "multiqc/broad_peak/multiqc_data/mqc_picard_insert_size_Percentages.txt",
                "multiqc/broad_peak/multiqc_data/mqc_picard_quality_by_cycle_1.txt",
                "multiqc/broad_peak/multiqc_data/mqc_picard_quality_score_distribution_1.txt",
                "multiqc/broad_peak/multiqc_data/mqc_read_distribution_profile_1.txt",
                "multiqc/broad_peak/multiqc_data/mqc_samtools-idxstats-mapped-reads-plot-2_Normalised_Counts.txt",
                "multiqc/broad_peak/multiqc_data/mqc_samtools-idxstats-mapped-reads-plot-2_Observed_over_Expected_Counts.txt",
                "multiqc/broad_peak/multiqc_data/mqc_samtools-idxstats-mapped-reads-plot-2_Raw_Counts.txt",
                "multiqc/broad_peak/multiqc_data/mqc_samtools-idxstats-mapped-reads-plot-3_Normalised_Counts.txt",
                "multiqc/broad_peak/multiqc_data/mqc_samtools-idxstats-mapped-reads-plot-3_Observed_over_Expected_Counts.txt",
                "multiqc/broad_peak/multiqc_data/mqc_samtools-idxstats-mapped-reads-plot-3_Raw_Counts.txt",
                "multiqc/broad_peak/multiqc_data/mqc_samtools-idxstats-mapped-reads-plot-4_Normalised_Counts.txt",
                "multiqc/broad_peak/multiqc_data/mqc_samtools-idxstats-mapped-reads-plot-4_Observed_over_Expected_Counts.txt",
                "multiqc/broad_peak/multiqc_data/mqc_samtools-idxstats-mapped-reads-plot-4_Raw_Counts.txt",
                "multiqc/broad_peak/multiqc_data/mqc_samtools-idxstats-mapped-reads-plot_Normalised_Counts.txt",
                "multiqc/broad_peak/multiqc_data/mqc_samtools-idxstats-mapped-reads-plot_Observed_over_Expected_Counts.txt",
                "multiqc/broad_peak/multiqc_data/mqc_samtools-idxstats-mapped-reads-plot_Raw_Counts.txt",
                "multiqc/broad_peak/multiqc_data/mqc_samtools_alignment_plot-2_1.txt",
                "multiqc/broad_peak/multiqc_data/mqc_samtools_alignment_plot-3_1.txt",
                "multiqc/broad_peak/multiqc_data/mqc_samtools_alignment_plot-4_1.txt",
                "multiqc/broad_peak/multiqc_data/mqc_samtools_alignment_plot_1.txt",
                "multiqc/broad_peak/multiqc_data/multiqc.log",
                "multiqc/broad_peak/multiqc_data/multiqc_citations.txt",
                "multiqc/broad_peak/multiqc_data/multiqc_data.json",
                "multiqc/broad_peak/multiqc_data/multiqc_fastqc.txt",
                "multiqc/broad_peak/multiqc_data/multiqc_featureCounts_mlib_featurecounts.txt",
                "multiqc/broad_peak/multiqc_data/multiqc_featureCounts_mrep_featurecounts.txt",
                "multiqc/broad_peak/multiqc_data/multiqc_mlib_deseq2_clustering_1-plot.yaml",
                "multiqc/broad_peak/multiqc_data/multiqc_mlib_deseq2_pca_1-plot.txt",
                "multiqc/broad_peak/multiqc_data/multiqc_mlib_frip_score-plot.txt",
                "multiqc/broad_peak/multiqc_data/multiqc_mlib_peak_annotation-plot.txt",
                "multiqc/broad_peak/multiqc_data/multiqc_mlib_peak_count-plot.txt",
                "multiqc/broad_peak/multiqc_data/multiqc_mrep_deseq2_clustering_1-plot.yaml",
                "multiqc/broad_peak/multiqc_data/multiqc_mrep_deseq2_pca_1-plot.txt",
                "multiqc/broad_peak/multiqc_data/multiqc_mrep_frip_score-plot.txt",
                "multiqc/broad_peak/multiqc_data/multiqc_mrep_peak_annotation-plot.txt",
                "multiqc/broad_peak/multiqc_data/multiqc_mrep_peak_count-plot.txt",
                "multiqc/broad_peak/multiqc_data/multiqc_picard_AlignmentSummaryMetrics.txt",
                "multiqc/broad_peak/multiqc_data/multiqc_picard_baseContent.txt",
                "multiqc/broad_peak/multiqc_data/multiqc_picard_dups.txt",
                "multiqc/broad_peak/multiqc_data/multiqc_picard_dups_mrep_picard.txt",
                "multiqc/broad_peak/multiqc_data/multiqc_picard_insertSize.txt",
                "multiqc/broad_peak/multiqc_data/multiqc_picard_quality_by_cycle.txt",
                "multiqc/broad_peak/multiqc_data/multiqc_picard_quality_score_distribution.txt",
                "multiqc/broad_peak/multiqc_data/multiqc_samtools_flagstat.txt",
                "multiqc/broad_peak/multiqc_data/multiqc_samtools_flagstat_1.txt",
                "multiqc/broad_peak/multiqc_data/multiqc_samtools_flagstat_2.txt",
                "multiqc/broad_peak/multiqc_data/multiqc_samtools_flagstat_3.txt",
                "multiqc/broad_peak/multiqc_data/multiqc_samtools_idxstats.txt",
                "multiqc/broad_peak/multiqc_data/multiqc_samtools_idxstats_1.txt",
                "multiqc/broad_peak/multiqc_data/multiqc_samtools_idxstats_2.txt",
                "multiqc/broad_peak/multiqc_data/multiqc_samtools_idxstats_3.txt",
                "multiqc/broad_peak/multiqc_data/multiqc_samtools_stats.txt",
                "multiqc/broad_peak/multiqc_data/multiqc_samtools_stats_1.txt",
                "multiqc/broad_peak/multiqc_data/multiqc_samtools_stats_2.txt",
                "multiqc/broad_peak/multiqc_data/multiqc_samtools_stats_3.txt",
                "multiqc/broad_peak/multiqc_data/multiqc_sources.txt",
                "multiqc/broad_peak/multiqc_data/picard_histogram.txt",
                "multiqc/broad_peak/multiqc_data/picard_histogram_1.txt",
                "multiqc/broad_peak/multiqc_data/picard_histogram_2.txt",
                "multiqc/broad_peak/multiqc_data/picard_histogram_3.txt",
                "multiqc/broad_peak/multiqc_data/picard_histogram_4.txt",
                "multiqc/broad_peak/multiqc_data/picard_histogram_5.txt",
                "multiqc/broad_peak/multiqc_data/picard_histogram_mrep_picard.txt",
                "multiqc/broad_peak/multiqc_data/picard_histogram_mrep_picard_1.txt",
                "multiqc/broad_peak/multiqc_data/picard_histogram_mrep_picard_2.txt",
                "multiqc/broad_peak/multiqc_plots",
                "multiqc/broad_peak/multiqc_plots/pdf",
                "multiqc/broad_peak/multiqc_plots/pdf/mqc_deeptools_fingerprint_plot_1.pdf",
                "multiqc/broad_peak/multiqc_plots/pdf/mqc_fastqc_adapter_content_plot_1.pdf",
                "multiqc/broad_peak/multiqc_plots/pdf/mqc_fastqc_per_base_n_content_plot_1.pdf",
                "multiqc/broad_peak/multiqc_plots/pdf/mqc_fastqc_per_base_sequence_quality_plot_1.pdf",
                "multiqc/broad_peak/multiqc_plots/pdf/mqc_fastqc_per_sequence_gc_content_plot_Counts.pdf",
                "multiqc/broad_peak/multiqc_plots/pdf/mqc_fastqc_per_sequence_gc_content_plot_Percentages.pdf",
                "multiqc/broad_peak/multiqc_plots/pdf/mqc_fastqc_per_sequence_quality_scores_plot_1.pdf",
                "multiqc/broad_peak/multiqc_plots/pdf/mqc_fastqc_sequence_counts_plot_1.pdf",
                "multiqc/broad_peak/multiqc_plots/pdf/mqc_fastqc_sequence_counts_plot_1_pc.pdf",
                "multiqc/broad_peak/multiqc_plots/pdf/mqc_fastqc_sequence_duplication_levels_plot_1.pdf",
                "multiqc/broad_peak/multiqc_plots/pdf/mqc_featureCounts_assignment_plot-2_1.pdf",
                "multiqc/broad_peak/multiqc_plots/pdf/mqc_featureCounts_assignment_plot-2_1_pc.pdf",
                "multiqc/broad_peak/multiqc_plots/pdf/mqc_featureCounts_assignment_plot_1.pdf",
                "multiqc/broad_peak/multiqc_plots/pdf/mqc_featureCounts_assignment_plot_1_pc.pdf",
                "multiqc/broad_peak/multiqc_plots/pdf/mqc_mlib_frip_score-plot_1.pdf",
                "multiqc/broad_peak/multiqc_plots/pdf/mqc_mlib_peak_annotation-plot_1.pdf",
                "multiqc/broad_peak/multiqc_plots/pdf/mqc_mlib_peak_annotation-plot_1_pc.pdf",
                "multiqc/broad_peak/multiqc_plots/pdf/mqc_mlib_peak_count-plot_1.pdf",
                "multiqc/broad_peak/multiqc_plots/pdf/mqc_mrep_frip_score-plot_1.pdf",
                "multiqc/broad_peak/multiqc_plots/pdf/mqc_mrep_peak_annotation-plot_1.pdf",
                "multiqc/broad_peak/multiqc_plots/pdf/mqc_mrep_peak_annotation-plot_1_pc.pdf",
                "multiqc/broad_peak/multiqc_plots/pdf/mqc_mrep_peak_count-plot_1.pdf",
                "multiqc/broad_peak/multiqc_plots/pdf/mqc_picard_alignment_readlength_plot_1.pdf",
                "multiqc/broad_peak/multiqc_plots/pdf/mqc_picard_alignment_summary__name_Aligned_Bases_ylab_Bases_cpswitch_counts_label_Number_of_Bases_.pdf",
                "multiqc/broad_peak/multiqc_plots/pdf/mqc_picard_alignment_summary__name_Aligned_Bases_ylab_Bases_cpswitch_counts_label_Number_of_Bases__pc.pdf",
                "multiqc/broad_peak/multiqc_plots/pdf/mqc_picard_alignment_summary__name_Aligned_Reads_ylab_Reads_cpswitch_counts_label_Number_of_Reads_.pdf",
                "multiqc/broad_peak/multiqc_plots/pdf/mqc_picard_alignment_summary__name_Aligned_Reads_ylab_Reads_cpswitch_counts_label_Number_of_Reads__pc.pdf",
                "multiqc/broad_peak/multiqc_plots/pdf/mqc_picard_base_distribution_by_cycle__Adenine.pdf",
                "multiqc/broad_peak/multiqc_plots/pdf/mqc_picard_base_distribution_by_cycle__Cytosine.pdf",
                "multiqc/broad_peak/multiqc_plots/pdf/mqc_picard_base_distribution_by_cycle__Guanine.pdf",
                "multiqc/broad_peak/multiqc_plots/pdf/mqc_picard_base_distribution_by_cycle__Thymine.pdf",
                "multiqc/broad_peak/multiqc_plots/pdf/mqc_picard_base_distribution_by_cycle__Undetermined.pdf",
                "multiqc/broad_peak/multiqc_plots/pdf/mqc_picard_deduplication-2_1.pdf",
                "multiqc/broad_peak/multiqc_plots/pdf/mqc_picard_deduplication-2_1_pc.pdf",
                "multiqc/broad_peak/multiqc_plots/pdf/mqc_picard_deduplication_1.pdf",
                "multiqc/broad_peak/multiqc_plots/pdf/mqc_picard_deduplication_1_pc.pdf",
                "multiqc/broad_peak/multiqc_plots/pdf/mqc_picard_insert_size_Counts.pdf",
                "multiqc/broad_peak/multiqc_plots/pdf/mqc_picard_insert_size_Percentages.pdf",
                "multiqc/broad_peak/multiqc_plots/pdf/mqc_picard_quality_by_cycle_1.pdf",
                "multiqc/broad_peak/multiqc_plots/pdf/mqc_picard_quality_score_distribution_1.pdf",
                "multiqc/broad_peak/multiqc_plots/pdf/mqc_read_distribution_profile_1.pdf",
                "multiqc/broad_peak/multiqc_plots/pdf/mqc_samtools-idxstats-mapped-reads-plot-2_Normalised_Counts.pdf",
                "multiqc/broad_peak/multiqc_plots/pdf/mqc_samtools-idxstats-mapped-reads-plot-2_Observed_over_Expected_Counts.pdf",
                "multiqc/broad_peak/multiqc_plots/pdf/mqc_samtools-idxstats-mapped-reads-plot-2_Raw_Counts.pdf",
                "multiqc/broad_peak/multiqc_plots/pdf/mqc_samtools-idxstats-mapped-reads-plot-3_Normalised_Counts.pdf",
                "multiqc/broad_peak/multiqc_plots/pdf/mqc_samtools-idxstats-mapped-reads-plot-3_Observed_over_Expected_Counts.pdf",
                "multiqc/broad_peak/multiqc_plots/pdf/mqc_samtools-idxstats-mapped-reads-plot-3_Raw_Counts.pdf",
                "multiqc/broad_peak/multiqc_plots/pdf/mqc_samtools-idxstats-mapped-reads-plot-4_Normalised_Counts.pdf",
                "multiqc/broad_peak/multiqc_plots/pdf/mqc_samtools-idxstats-mapped-reads-plot-4_Observed_over_Expected_Counts.pdf",
                "multiqc/broad_peak/multiqc_plots/pdf/mqc_samtools-idxstats-mapped-reads-plot-4_Raw_Counts.pdf",
                "multiqc/broad_peak/multiqc_plots/pdf/mqc_samtools-idxstats-mapped-reads-plot_Normalised_Counts.pdf",
                "multiqc/broad_peak/multiqc_plots/pdf/mqc_samtools-idxstats-mapped-reads-plot_Observed_over_Expected_Counts.pdf",
                "multiqc/broad_peak/multiqc_plots/pdf/mqc_samtools-idxstats-mapped-reads-plot_Raw_Counts.pdf",
                "multiqc/broad_peak/multiqc_plots/pdf/mqc_samtools_alignment_plot-2_1.pdf",
                "multiqc/broad_peak/multiqc_plots/pdf/mqc_samtools_alignment_plot-2_1_pc.pdf",
                "multiqc/broad_peak/multiqc_plots/pdf/mqc_samtools_alignment_plot-3_1.pdf",
                "multiqc/broad_peak/multiqc_plots/pdf/mqc_samtools_alignment_plot-3_1_pc.pdf",
                "multiqc/broad_peak/multiqc_plots/pdf/mqc_samtools_alignment_plot-4_1.pdf",
                "multiqc/broad_peak/multiqc_plots/pdf/mqc_samtools_alignment_plot-4_1_pc.pdf",
                "multiqc/broad_peak/multiqc_plots/pdf/mqc_samtools_alignment_plot_1.pdf",
                "multiqc/broad_peak/multiqc_plots/pdf/mqc_samtools_alignment_plot_1_pc.pdf",
                "multiqc/broad_peak/multiqc_plots/png",
                "multiqc/broad_peak/multiqc_plots/png/mqc_deeptools_fingerprint_plot_1.png",
                "multiqc/broad_peak/multiqc_plots/png/mqc_fastqc_adapter_content_plot_1.png",
                "multiqc/broad_peak/multiqc_plots/png/mqc_fastqc_per_base_n_content_plot_1.png",
                "multiqc/broad_peak/multiqc_plots/png/mqc_fastqc_per_base_sequence_quality_plot_1.png",
                "multiqc/broad_peak/multiqc_plots/png/mqc_fastqc_per_sequence_gc_content_plot_Counts.png",
                "multiqc/broad_peak/multiqc_plots/png/mqc_fastqc_per_sequence_gc_content_plot_Percentages.png",
                "multiqc/broad_peak/multiqc_plots/png/mqc_fastqc_per_sequence_quality_scores_plot_1.png",
                "multiqc/broad_peak/multiqc_plots/png/mqc_fastqc_sequence_counts_plot_1.png",
                "multiqc/broad_peak/multiqc_plots/png/mqc_fastqc_sequence_counts_plot_1_pc.png",
                "multiqc/broad_peak/multiqc_plots/png/mqc_fastqc_sequence_duplication_levels_plot_1.png",
                "multiqc/broad_peak/multiqc_plots/png/mqc_featureCounts_assignment_plot-2_1.png",
                "multiqc/broad_peak/multiqc_plots/png/mqc_featureCounts_assignment_plot-2_1_pc.png",
                "multiqc/broad_peak/multiqc_plots/png/mqc_featureCounts_assignment_plot_1.png",
                "multiqc/broad_peak/multiqc_plots/png/mqc_featureCounts_assignment_plot_1_pc.png",
                "multiqc/broad_peak/multiqc_plots/png/mqc_mlib_frip_score-plot_1.png",
                "multiqc/broad_peak/multiqc_plots/png/mqc_mlib_peak_annotation-plot_1.png",
                "multiqc/broad_peak/multiqc_plots/png/mqc_mlib_peak_annotation-plot_1_pc.png",
                "multiqc/broad_peak/multiqc_plots/png/mqc_mlib_peak_count-plot_1.png",
                "multiqc/broad_peak/multiqc_plots/png/mqc_mrep_frip_score-plot_1.png",
                "multiqc/broad_peak/multiqc_plots/png/mqc_mrep_peak_annotation-plot_1.png",
                "multiqc/broad_peak/multiqc_plots/png/mqc_mrep_peak_annotation-plot_1_pc.png",
                "multiqc/broad_peak/multiqc_plots/png/mqc_mrep_peak_count-plot_1.png",
                "multiqc/broad_peak/multiqc_plots/png/mqc_picard_alignment_readlength_plot_1.png",
                "multiqc/broad_peak/multiqc_plots/png/mqc_picard_alignment_summary__name_Aligned_Bases_ylab_Bases_cpswitch_counts_label_Number_of_Bases_.png",
                "multiqc/broad_peak/multiqc_plots/png/mqc_picard_alignment_summary__name_Aligned_Bases_ylab_Bases_cpswitch_counts_label_Number_of_Bases__pc.png",
                "multiqc/broad_peak/multiqc_plots/png/mqc_picard_alignment_summary__name_Aligned_Reads_ylab_Reads_cpswitch_counts_label_Number_of_Reads_.png",
                "multiqc/broad_peak/multiqc_plots/png/mqc_picard_alignment_summary__name_Aligned_Reads_ylab_Reads_cpswitch_counts_label_Number_of_Reads__pc.png",
                "multiqc/broad_peak/multiqc_plots/png/mqc_picard_base_distribution_by_cycle__Adenine.png",
                "multiqc/broad_peak/multiqc_plots/png/mqc_picard_base_distribution_by_cycle__Cytosine.png",
                "multiqc/broad_peak/multiqc_plots/png/mqc_picard_base_distribution_by_cycle__Guanine.png",
                "multiqc/broad_peak/multiqc_plots/png/mqc_picard_base_distribution_by_cycle__Thymine.png",
                "multiqc/broad_peak/multiqc_plots/png/mqc_picard_base_distribution_by_cycle__Undetermined.png",
                "multiqc/broad_peak/multiqc_plots/png/mqc_picard_deduplication-2_1.png",
                "multiqc/broad_peak/multiqc_plots/png/mqc_picard_deduplication-2_1_pc.png",
                "multiqc/broad_peak/multiqc_plots/png/mqc_picard_deduplication_1.png",
                "multiqc/broad_peak/multiqc_plots/png/mqc_picard_deduplication_1_pc.png",
                "multiqc/broad_peak/multiqc_plots/png/mqc_picard_insert_size_Counts.png",
                "multiqc/broad_peak/multiqc_plots/png/mqc_picard_insert_size_Percentages.png",
                "multiqc/broad_peak/multiqc_plots/png/mqc_picard_quality_by_cycle_1.png",
                "multiqc/broad_peak/multiqc_plots/png/mqc_picard_quality_score_distribution_1.png",
                "multiqc/broad_peak/multiqc_plots/png/mqc_read_distribution_profile_1.png",
                "multiqc/broad_peak/multiqc_plots/png/mqc_samtools-idxstats-mapped-reads-plot-2_Normalised_Counts.png",
                "multiqc/broad_peak/multiqc_plots/png/mqc_samtools-idxstats-mapped-reads-plot-2_Observed_over_Expected_Counts.png",
                "multiqc/broad_peak/multiqc_plots/png/mqc_samtools-idxstats-mapped-reads-plot-2_Raw_Counts.png",
                "multiqc/broad_peak/multiqc_plots/png/mqc_samtools-idxstats-mapped-reads-plot-3_Normalised_Counts.png",
                "multiqc/broad_peak/multiqc_plots/png/mqc_samtools-idxstats-mapped-reads-plot-3_Observed_over_Expected_Counts.png",
                "multiqc/broad_peak/multiqc_plots/png/mqc_samtools-idxstats-mapped-reads-plot-3_Raw_Counts.png",
                "multiqc/broad_peak/multiqc_plots/png/mqc_samtools-idxstats-mapped-reads-plot-4_Normalised_Counts.png",
                "multiqc/broad_peak/multiqc_plots/png/mqc_samtools-idxstats-mapped-reads-plot-4_Observed_over_Expected_Counts.png",
                "multiqc/broad_peak/multiqc_plots/png/mqc_samtools-idxstats-mapped-reads-plot-4_Raw_Counts.png",
                "multiqc/broad_peak/multiqc_plots/png/mqc_samtools-idxstats-mapped-reads-plot_Normalised_Counts.png",
                "multiqc/broad_peak/multiqc_plots/png/mqc_samtools-idxstats-mapped-reads-plot_Observed_over_Expected_Counts.png",
                "multiqc/broad_peak/multiqc_plots/png/mqc_samtools-idxstats-mapped-reads-plot_Raw_Counts.png",
                "multiqc/broad_peak/multiqc_plots/png/mqc_samtools_alignment_plot-2_1.png",
                "multiqc/broad_peak/multiqc_plots/png/mqc_samtools_alignment_plot-2_1_pc.png",
                "multiqc/broad_peak/multiqc_plots/png/mqc_samtools_alignment_plot-3_1.png",
                "multiqc/broad_peak/multiqc_plots/png/mqc_samtools_alignment_plot-3_1_pc.png",
                "multiqc/broad_peak/multiqc_plots/png/mqc_samtools_alignment_plot-4_1.png",
                "multiqc/broad_peak/multiqc_plots/png/mqc_samtools_alignment_plot-4_1_pc.png",
                "multiqc/broad_peak/multiqc_plots/png/mqc_samtools_alignment_plot_1.png",
                "multiqc/broad_peak/multiqc_plots/png/mqc_samtools_alignment_plot_1_pc.png",
                "multiqc/broad_peak/multiqc_plots/svg",
                "multiqc/broad_peak/multiqc_plots/svg/mqc_deeptools_fingerprint_plot_1.svg",
                "multiqc/broad_peak/multiqc_plots/svg/mqc_fastqc_adapter_content_plot_1.svg",
                "multiqc/broad_peak/multiqc_plots/svg/mqc_fastqc_per_base_n_content_plot_1.svg",
                "multiqc/broad_peak/multiqc_plots/svg/mqc_fastqc_per_base_sequence_quality_plot_1.svg",
                "multiqc/broad_peak/multiqc_plots/svg/mqc_fastqc_per_sequence_gc_content_plot_Counts.svg",
                "multiqc/broad_peak/multiqc_plots/svg/mqc_fastqc_per_sequence_gc_content_plot_Percentages.svg",
                "multiqc/broad_peak/multiqc_plots/svg/mqc_fastqc_per_sequence_quality_scores_plot_1.svg",
                "multiqc/broad_peak/multiqc_plots/svg/mqc_fastqc_sequence_counts_plot_1.svg",
                "multiqc/broad_peak/multiqc_plots/svg/mqc_fastqc_sequence_counts_plot_1_pc.svg",
                "multiqc/broad_peak/multiqc_plots/svg/mqc_fastqc_sequence_duplication_levels_plot_1.svg",
                "multiqc/broad_peak/multiqc_plots/svg/mqc_featureCounts_assignment_plot-2_1.svg",
                "multiqc/broad_peak/multiqc_plots/svg/mqc_featureCounts_assignment_plot-2_1_pc.svg",
                "multiqc/broad_peak/multiqc_plots/svg/mqc_featureCounts_assignment_plot_1.svg",
                "multiqc/broad_peak/multiqc_plots/svg/mqc_featureCounts_assignment_plot_1_pc.svg",
                "multiqc/broad_peak/multiqc_plots/svg/mqc_mlib_frip_score-plot_1.svg",
                "multiqc/broad_peak/multiqc_plots/svg/mqc_mlib_peak_annotation-plot_1.svg",
                "multiqc/broad_peak/multiqc_plots/svg/mqc_mlib_peak_annotation-plot_1_pc.svg",
                "multiqc/broad_peak/multiqc_plots/svg/mqc_mlib_peak_count-plot_1.svg",
                "multiqc/broad_peak/multiqc_plots/svg/mqc_mrep_frip_score-plot_1.svg",
                "multiqc/broad_peak/multiqc_plots/svg/mqc_mrep_peak_annotation-plot_1.svg",
                "multiqc/broad_peak/multiqc_plots/svg/mqc_mrep_peak_annotation-plot_1_pc.svg",
                "multiqc/broad_peak/multiqc_plots/svg/mqc_mrep_peak_count-plot_1.svg",
                "multiqc/broad_peak/multiqc_plots/svg/mqc_picard_alignment_readlength_plot_1.svg",
                "multiqc/broad_peak/multiqc_plots/svg/mqc_picard_alignment_summary__name_Aligned_Bases_ylab_Bases_cpswitch_counts_label_Number_of_Bases_.svg",
                "multiqc/broad_peak/multiqc_plots/svg/mqc_picard_alignment_summary__name_Aligned_Bases_ylab_Bases_cpswitch_counts_label_Number_of_Bases__pc.svg",
                "multiqc/broad_peak/multiqc_plots/svg/mqc_picard_alignment_summary__name_Aligned_Reads_ylab_Reads_cpswitch_counts_label_Number_of_Reads_.svg",
                "multiqc/broad_peak/multiqc_plots/svg/mqc_picard_alignment_summary__name_Aligned_Reads_ylab_Reads_cpswitch_counts_label_Number_of_Reads__pc.svg",
                "multiqc/broad_peak/multiqc_plots/svg/mqc_picard_base_distribution_by_cycle__Adenine.svg",
                "multiqc/broad_peak/multiqc_plots/svg/mqc_picard_base_distribution_by_cycle__Cytosine.svg",
                "multiqc/broad_peak/multiqc_plots/svg/mqc_picard_base_distribution_by_cycle__Guanine.svg",
                "multiqc/broad_peak/multiqc_plots/svg/mqc_picard_base_distribution_by_cycle__Thymine.svg",
                "multiqc/broad_peak/multiqc_plots/svg/mqc_picard_base_distribution_by_cycle__Undetermined.svg",
                "multiqc/broad_peak/multiqc_plots/svg/mqc_picard_deduplication-2_1.svg",
                "multiqc/broad_peak/multiqc_plots/svg/mqc_picard_deduplication-2_1_pc.svg",
                "multiqc/broad_peak/multiqc_plots/svg/mqc_picard_deduplication_1.svg",
                "multiqc/broad_peak/multiqc_plots/svg/mqc_picard_deduplication_1_pc.svg",
                "multiqc/broad_peak/multiqc_plots/svg/mqc_picard_insert_size_Counts.svg",
                "multiqc/broad_peak/multiqc_plots/svg/mqc_picard_insert_size_Percentages.svg",
                "multiqc/broad_peak/multiqc_plots/svg/mqc_picard_quality_by_cycle_1.svg",
                "multiqc/broad_peak/multiqc_plots/svg/mqc_picard_quality_score_distribution_1.svg",
                "multiqc/broad_peak/multiqc_plots/svg/mqc_read_distribution_profile_1.svg",
                "multiqc/broad_peak/multiqc_plots/svg/mqc_samtools-idxstats-mapped-reads-plot-2_Normalised_Counts.svg",
                "multiqc/broad_peak/multiqc_plots/svg/mqc_samtools-idxstats-mapped-reads-plot-2_Observed_over_Expected_Counts.svg",
                "multiqc/broad_peak/multiqc_plots/svg/mqc_samtools-idxstats-mapped-reads-plot-2_Raw_Counts.svg",
                "multiqc/broad_peak/multiqc_plots/svg/mqc_samtools-idxstats-mapped-reads-plot-3_Normalised_Counts.svg",
                "multiqc/broad_peak/multiqc_plots/svg/mqc_samtools-idxstats-mapped-reads-plot-3_Observed_over_Expected_Counts.svg",
                "multiqc/broad_peak/multiqc_plots/svg/mqc_samtools-idxstats-mapped-reads-plot-3_Raw_Counts.svg",
                "multiqc/broad_peak/multiqc_plots/svg/mqc_samtools-idxstats-mapped-reads-plot-4_Normalised_Counts.svg",
                "multiqc/broad_peak/multiqc_plots/svg/mqc_samtools-idxstats-mapped-reads-plot-4_Observed_over_Expected_Counts.svg",
                "multiqc/broad_peak/multiqc_plots/svg/mqc_samtools-idxstats-mapped-reads-plot-4_Raw_Counts.svg",
                "multiqc/broad_peak/multiqc_plots/svg/mqc_samtools-idxstats-mapped-reads-plot_Normalised_Counts.svg",
                "multiqc/broad_peak/multiqc_plots/svg/mqc_samtools-idxstats-mapped-reads-plot_Observed_over_Expected_Counts.svg",
                "multiqc/broad_peak/multiqc_plots/svg/mqc_samtools-idxstats-mapped-reads-plot_Raw_Counts.svg",
                "multiqc/broad_peak/multiqc_plots/svg/mqc_samtools_alignment_plot-2_1.svg",
                "multiqc/broad_peak/multiqc_plots/svg/mqc_samtools_alignment_plot-2_1_pc.svg",
                "multiqc/broad_peak/multiqc_plots/svg/mqc_samtools_alignment_plot-3_1.svg",
                "multiqc/broad_peak/multiqc_plots/svg/mqc_samtools_alignment_plot-3_1_pc.svg",
                "multiqc/broad_peak/multiqc_plots/svg/mqc_samtools_alignment_plot-4_1.svg",
                "multiqc/broad_peak/multiqc_plots/svg/mqc_samtools_alignment_plot-4_1_pc.svg",
                "multiqc/broad_peak/multiqc_plots/svg/mqc_samtools_alignment_plot_1.svg",
                "multiqc/broad_peak/multiqc_plots/svg/mqc_samtools_alignment_plot_1_pc.svg",
                "multiqc/broad_peak/multiqc_report.html",
                "pipeline_info",
                "pipeline_info/nf_core_atacseq_software_mqc_versions.yml",
                "pipeline_info/samplesheet.valid.csv"
            ],
            [
                "ataqv.css:md5,7bb9e18974018dd29bdc12a46a6d6d65",
                "datatables.buttons.min.css:md5,675306abc9d3239314f2c66c0e22ef7a",
                "datatables.fontawesome.css:md5,716d7a3edd2c75e712b1ffe26f12a861",
                "datatables.min.css:md5,00ef3e39d9302618395ab189ec8bcd9f",
                "font-awesome.min.css:md5,89916fa773ce96569604016ef25cab50",
                "normalize.css:md5,40d20cc85100840580df4346bb99d7ed",
                "FontAwesome.otf:md5,9ccfa32dd4cd1b8e83f68899d85bd5e6",
                "fontawesome-webfont.eot:md5,404a525502f8e5ba7e93b9f02d9e83a9",
                "fontawesome-webfont.ttf:md5,fb650aaf10736ffb9c4173079616bf01",
                "fontawesome-webfont.woff:md5,891e3f340c1126b4c7c142e5f6e86816",
                "fontawesome-webfont.woff2:md5,926c93d201fe51c8f351e858468980c3",
                "sourcesanspro-regular.woff:md5,f7bd788f18b8c4bb93dd37d140348e1e",
                "sourcesanspro-regularit.woff:md5,c3638b17f4fd76dae12fe2ae14571e57",
                "sourcesanspro-semibold.woff:md5,e7fc8925d9364e9d177d9e1d08bb1855",
                "sourcesanspro-semiboldit.woff:md5,f1d255aa459786dfc6aa2e488ac01245",
                "index.html:md5,bf7747be761e56ad7c54c842ac88461a",
                "ataqv.js:md5,feb291b7839e9e43ed304565e3a605d9",
                "configuration.js:md5,0620bf9d816e02c38ccfc6e2e6b23e06",
                "d3.min.js:md5,db69fb2626a71a286ee772d673138aca",
                "datatables.min.js:md5,e369b872620dadb05e4eb555b81f9112",
                "jszip.min.js:md5,09e492cb492ffa75484bbe10f1f721d1",
                "OSMOTIC_STRESS_T0_PE_REP1.mLb.clN.scale_factor.txt:md5,bce30ee219d74a200e7ea59d39370fa5",
                "OSMOTIC_STRESS_T0_PE_REP2.mLb.clN.scale_factor.txt:md5,56910d1ea71799021a3dc98ff0f5d906",
                "OSMOTIC_STRESS_T100_SE_REP1.mLb.clN.scale_factor.txt:md5,0a5e5d168546102bb02dd6bd52b39349",
                "OSMOTIC_STRESS_T100_SE_REP2.mLb.clN.scale_factor.txt:md5,59f1d46e141e928e8cccc7185b23c880",
                "OSMOTIC_STRESS_T150_SE_REP1.mLb.clN.scale_factor.txt:md5,68373452427c1fb3e0f20d959c5aa6c7",
                "OSMOTIC_STRESS_T15_PE_REP1.mLb.clN.scale_factor.txt:md5,04928308175458f7e21957a4c9dc7afb",
                "OSMOTIC_STRESS_T0_PE_REP1.mLb.clN_peaks.broadPeak:md5,59c977277ba11ab4c8b9b7bafc6e0e7e",
                "OSMOTIC_STRESS_T0_PE_REP1.mLb.clN_peaks.gappedPeak:md5,714d8e5d201e0129a55b202c1d4b437f",
                "OSMOTIC_STRESS_T0_PE_REP1.mLb.clN_peaks.xls:md5,ea2e33a31b189c3c56a1051354b7797d",
                "OSMOTIC_STRESS_T0_PE_REP2.mLb.clN_peaks.broadPeak:md5,2465ec263cd50577995418413d7dce42",
                "OSMOTIC_STRESS_T0_PE_REP2.mLb.clN_peaks.gappedPeak:md5,1dca72a0859ee67414c4a39c2949dfe8",
                "OSMOTIC_STRESS_T0_PE_REP2.mLb.clN_peaks.xls:md5,e18ce783c58c18296d58912b19cc679f",
                "OSMOTIC_STRESS_T100_SE_REP1.mLb.clN_peaks.broadPeak:md5,d58ac509e5955ef11e78166a8398caa7",
                "OSMOTIC_STRESS_T100_SE_REP1.mLb.clN_peaks.gappedPeak:md5,9b44b06e78444813c2ba290507b92c04",
                "OSMOTIC_STRESS_T100_SE_REP1.mLb.clN_peaks.xls:md5,a3c0974e169e886b6194e484023e6026",
                "OSMOTIC_STRESS_T100_SE_REP2.mLb.clN_peaks.broadPeak:md5,989551d20b0cc0ab1b856cf41a878ed9",
                "OSMOTIC_STRESS_T100_SE_REP2.mLb.clN_peaks.gappedPeak:md5,3bdc0b6179e3a8b85c6db82b1b656d1c",
                "OSMOTIC_STRESS_T100_SE_REP2.mLb.clN_peaks.xls:md5,7571b5649fbd9e2dfcec9325950f8177",
                "OSMOTIC_STRESS_T150_SE_REP1.mLb.clN_peaks.broadPeak:md5,a454e4af57c9af7085d936d9fcc96f1e",
                "OSMOTIC_STRESS_T150_SE_REP1.mLb.clN_peaks.gappedPeak:md5,92a70848190df2cca16a4914646669ab",
                "OSMOTIC_STRESS_T150_SE_REP1.mLb.clN_peaks.xls:md5,667ce2000c304985dee64b4700d761ba",
                "OSMOTIC_STRESS_T15_PE_REP1.mLb.clN_peaks.broadPeak:md5,d83276ebd8c6c594038fdceb519929ac",
                "OSMOTIC_STRESS_T15_PE_REP1.mLb.clN_peaks.gappedPeak:md5,6334a6581878cf93a39dd76b56794ad0",
                "OSMOTIC_STRESS_T15_PE_REP1.mLb.clN_peaks.xls:md5,c5d4d3843a6cf331de01ba5443f82720",
                "consensus_peaks.mLb.clN.PE.featureCounts.tsv:md5,b80ced63bfadba19f6927537bd3fcc21",
                "consensus_peaks.mLb.clN.PE.featureCounts.tsv.summary:md5,00348d3437aa5f9f966e0a1aee9b8e85",
                "consensus_peaks.mLb.clN.SE.featureCounts.tsv:md5,5d78fa6f869cba4da29d6837a5d45655",
                "consensus_peaks.mLb.clN.SE.featureCounts.tsv.summary:md5,a16596a96ead8abc259cfe0e3aefd312",
                "consensus_peaks.mLb.clN.bed:md5,7e645855322eff59ea58446857e05c1e",
                "consensus_peaks.mLb.clN.boolean.intersect.txt:md5,27e105619c6e9bb7aac7dc9a84a70395",
                "consensus_peaks.mLb.clN.boolean.txt:md5,7ca3fc47837d64951401ca58d79ebe88",
                "consensus_peaks.mLb.clN.featureCounts.tsv:md5,1f088242bcd29c4669556cb03fab90e7",
                "consensus_peaks.mLb.clN.saf:md5,9f7d7bcc1ee838d8ecfc3d0bdd1f4b25",
                "R_sessionInfo.log:md5,fb0da0d7ad6994ed66a8e68348b19676",
                "OSMOTIC_STRESS_T0_PE_REP1.size_factors.txt:md5,47021dc95aacbf872caae4b76b983b1d",
                "OSMOTIC_STRESS_T0_PE_REP2.size_factors.txt:md5,05a9aa65645121ae97fd6955379c479b",
                "OSMOTIC_STRESS_T100_SE_REP1.size_factors.txt:md5,b771c2be39c10d3e7a70cac382f11eec",
                "OSMOTIC_STRESS_T100_SE_REP2.size_factors.txt:md5,bbe989119faee1ecac3fd9a99b6be6b1",
                "OSMOTIC_STRESS_T150_SE_REP1.size_factors.txt:md5,544d5be893ff0417a05bd47aa9c2ac5a",
                "OSMOTIC_STRESS_T15_PE_REP1.size_factors.txt:md5,551be0acd1c15091710d509d8e835325",
                "OSMOTIC_STRESS_T0_PE_REP1.mLb.clN_peaks.FRiP_mqc.tsv:md5,16cde0c4529f30a00f58e86b6734f4a9",
                "OSMOTIC_STRESS_T0_PE_REP1.mLb.clN_peaks.count_mqc.tsv:md5,35dd002bc26673fb9a3e5be9c66c6247",
                "OSMOTIC_STRESS_T0_PE_REP2.mLb.clN_peaks.FRiP_mqc.tsv:md5,36b151cedf83dfe947cf3a6df7d24939",
                "OSMOTIC_STRESS_T0_PE_REP2.mLb.clN_peaks.count_mqc.tsv:md5,d80b896bb6b1e837043735f30eaf852e",
                "OSMOTIC_STRESS_T100_SE_REP1.mLb.clN_peaks.FRiP_mqc.tsv:md5,6f13d3859b6b3fc141828cc09aba98ed",
                "OSMOTIC_STRESS_T100_SE_REP1.mLb.clN_peaks.count_mqc.tsv:md5,75c606fd7714aefa41c0ed5f7761d851",
                "OSMOTIC_STRESS_T100_SE_REP2.mLb.clN_peaks.FRiP_mqc.tsv:md5,f57b6917e44ced51312f38aea4d5046c",
                "OSMOTIC_STRESS_T100_SE_REP2.mLb.clN_peaks.count_mqc.tsv:md5,de7adbe624dd43750429182bd7aaac07",
                "OSMOTIC_STRESS_T150_SE_REP1.mLb.clN_peaks.FRiP_mqc.tsv:md5,33597ba90b885ba8e486deaa61321c14",
                "OSMOTIC_STRESS_T150_SE_REP1.mLb.clN_peaks.count_mqc.tsv:md5,416407a06ee3e656458993f84dc0a37f",
                "OSMOTIC_STRESS_T15_PE_REP1.mLb.clN_peaks.FRiP_mqc.tsv:md5,ffcda6d8b8e8d31cb9d86e22a2f38f50",
                "OSMOTIC_STRESS_T15_PE_REP1.mLb.clN_peaks.count_mqc.tsv:md5,27334ec0c4587225a5999526acc33a9a",
                "macs3_annotatePeaks.mLb.clN.summary.txt:md5,9602ca24aa3991fd3a00b4296a018ab5",
                "macs3_annotatePeaks.mLb.clN.summary_mqc.tsv:md5,20e0dd55cf6b11879121b98dc02fe587",
                "OSMOTIC_STRESS_T0_PE_REP1.mLb.clN.sorted.bam.flagstat:md5,19ed87218e2575ae44e662e2209aeeb1",
                "OSMOTIC_STRESS_T0_PE_REP1.mLb.clN.sorted.bam.idxstats:md5,cf5a0560aaae7bc6a72025fa82f7b25b",
                "OSMOTIC_STRESS_T0_PE_REP1.mLb.mkD.sorted.bam.flagstat:md5,49083fd892294847a1248d42e6743139",
                "OSMOTIC_STRESS_T0_PE_REP1.mLb.mkD.sorted.bam.idxstats:md5,2cbc1cb8abf4d39c5c8467e5189ce273",
                "OSMOTIC_STRESS_T0_PE_REP2.mLb.clN.sorted.bam.flagstat:md5,3323869278a6d82035c41d5dbf4f446a",
                "OSMOTIC_STRESS_T0_PE_REP2.mLb.clN.sorted.bam.idxstats:md5,47ba804e818417f56ed03335d13172e9",
                "OSMOTIC_STRESS_T0_PE_REP2.mLb.mkD.sorted.bam.flagstat:md5,2338ca056a7f822b0cff1956a6211a8e",
                "OSMOTIC_STRESS_T0_PE_REP2.mLb.mkD.sorted.bam.idxstats:md5,8498444a1f18d42f67f1590dcbb09316",
                "OSMOTIC_STRESS_T100_SE_REP1.mLb.clN.sorted.bam.flagstat:md5,581b3fa18f6a79fb6de6cecc75391150",
                "OSMOTIC_STRESS_T100_SE_REP1.mLb.clN.sorted.bam.idxstats:md5,1504e56638ec27a12e90bfeed86092ce",
                "OSMOTIC_STRESS_T100_SE_REP1.mLb.mkD.sorted.bam.flagstat:md5,d443508972a49a4c0b741778ee925452",
                "OSMOTIC_STRESS_T100_SE_REP1.mLb.mkD.sorted.bam.idxstats:md5,59d186e070bea17483612145228e0be9",
                "OSMOTIC_STRESS_T100_SE_REP2.mLb.clN.sorted.bam.flagstat:md5,19da69cbc95595910efbd9251e6e0119",
                "OSMOTIC_STRESS_T100_SE_REP2.mLb.clN.sorted.bam.idxstats:md5,99cc7672fb68ef8b279773f3bca681f6",
                "OSMOTIC_STRESS_T100_SE_REP2.mLb.mkD.sorted.bam.flagstat:md5,a2d9d0bb6028fe9d5ca1085717c12751",
                "OSMOTIC_STRESS_T100_SE_REP2.mLb.mkD.sorted.bam.idxstats:md5,cca7fe3a42d0a541d5e91bf6e29e9170",
                "OSMOTIC_STRESS_T150_SE_REP1.mLb.clN.sorted.bam.flagstat:md5,eb5b54d45cf98a45b670311b41faf23c",
                "OSMOTIC_STRESS_T150_SE_REP1.mLb.clN.sorted.bam.idxstats:md5,a44ca3bc7fc47144ba9eeeeb84b87259",
                "OSMOTIC_STRESS_T150_SE_REP1.mLb.mkD.sorted.bam.flagstat:md5,18923aea6b24827ef30b654dac0bd22b",
                "OSMOTIC_STRESS_T150_SE_REP1.mLb.mkD.sorted.bam.idxstats:md5,63b3ebac80cd6f6914350efb139fab87",
                "OSMOTIC_STRESS_T15_PE_REP1.mLb.clN.sorted.bam.flagstat:md5,f6fa282f33b73c13320a007f4a36b31a",
                "OSMOTIC_STRESS_T15_PE_REP1.mLb.clN.sorted.bam.idxstats:md5,9e672bfe038fe550f46a4ea1166db4d2",
                "OSMOTIC_STRESS_T15_PE_REP1.mLb.mkD.sorted.bam.flagstat:md5,73af4b16facaf0fd7b3701a055a23a98",
                "OSMOTIC_STRESS_T15_PE_REP1.mLb.mkD.sorted.bam.idxstats:md5,f5f90790fc93e3362e5e96e9abe1a890",
                "OSMOTIC_STRESS_T0_PE.mRp.clN.scale_factor.txt:md5,585485db7da5ff4fd27b5007514947d8",
                "OSMOTIC_STRESS_T100_SE.mRp.clN.scale_factor.txt:md5,cb999ab5df67d6d99ce162d05d4ef7eb",
                "OSMOTIC_STRESS_T0_PE.mRp.clN_peaks.broadPeak:md5,6559863f0b1d4c4e5ffd2f84c02982b1",
                "OSMOTIC_STRESS_T0_PE.mRp.clN_peaks.gappedPeak:md5,7f007ca9b3a7b9d28ce77cdb1b2646f8",
                "OSMOTIC_STRESS_T0_PE.mRp.clN_peaks.xls:md5,c195339765b3d9a8f8163108a6f16183",
                "OSMOTIC_STRESS_T100_SE.mRp.clN_peaks.broadPeak:md5,35709d3fc707f53628e0ccab6b464d83",
                "OSMOTIC_STRESS_T100_SE.mRp.clN_peaks.gappedPeak:md5,ced7d5fe0af52b238f05422b2d3185af",
                "OSMOTIC_STRESS_T100_SE.mRp.clN_peaks.xls:md5,101d2313d93c121eb53e0e8644df37d3",
                "consensus_peaks.mRp.clN.PE.featureCounts.tsv:md5,ab5a67a10a1c89007d92aec4e4061ad6",
                "consensus_peaks.mRp.clN.PE.featureCounts.tsv.summary:md5,81e8ac8299d9e64fd8a1606fde3a3315",
                "consensus_peaks.mRp.clN.SE.featureCounts.tsv:md5,fffcc8adcd8555aca1e9cc2fd4fea752",
                "consensus_peaks.mRp.clN.SE.featureCounts.tsv.summary:md5,316176beb050991512f8e99643064604",
                "consensus_peaks.mRp.clN.bed:md5,c9408cce53d821e215368a553c9f1a08",
                "consensus_peaks.mRp.clN.boolean.intersect.txt:md5,3d2c2f1597c7c30cb6089e934c6c031a",
                "consensus_peaks.mRp.clN.boolean.txt:md5,c9c5842fea9750535cf50890e2da0c13",
                "consensus_peaks.mRp.clN.featureCounts.tsv:md5,d98bd7271604e508a448bb7f16a09d7f",
                "consensus_peaks.mRp.clN.saf:md5,ea5c6c818aff4142c9cbaea5c3d7fc1c",
                "R_sessionInfo.log:md5,fb0da0d7ad6994ed66a8e68348b19676",
                "OSMOTIC_STRESS_T0_PE_REP1.size_factors.txt:md5,abaae8c426677e63d1f3b0829ae6b035",
                "OSMOTIC_STRESS_T0_PE_REP2.size_factors.txt:md5,3d504b3e15d66ca8e4adb1712cf2d097",
                "OSMOTIC_STRESS_T100_SE_REP1.size_factors.txt:md5,c10a7af3c6852f03020cc67253912c91",
                "OSMOTIC_STRESS_T100_SE_REP2.size_factors.txt:md5,e7fc6faf8be5847bc7d09a87b94ffc6f",
                "OSMOTIC_STRESS_T0_PE.mRp.clN_peaks.FRiP_mqc.tsv:md5,2b0e88d15db45b363b715979d588f923",
                "OSMOTIC_STRESS_T0_PE.mRp.clN_peaks.count_mqc.tsv:md5,af4f984d2bac50202af335e32b19a408",
                "OSMOTIC_STRESS_T100_SE.mRp.clN_peaks.FRiP_mqc.tsv:md5,711ffae78f6ca931144d2bba47a988a1",
                "OSMOTIC_STRESS_T100_SE.mRp.clN_peaks.count_mqc.tsv:md5,b404403d2826c95f7541d077f8cb840d",
                "macs3_annotatePeaks.mRp.clN.summary.txt:md5,2cf57f7ecf2bb6cc0c79a0a5985960da",
                "macs3_annotatePeaks.mRp.clN.summary_mqc.tsv:md5,5046fe88ecc86f1fcff84b0cc7cfe8b6",
                "OSMOTIC_STRESS_T0_PE.mRp.clN.sorted.bam.flagstat:md5,eb0d0acaf035e4935b07a93250eb9d0e",
                "OSMOTIC_STRESS_T0_PE.mRp.clN.sorted.bam.idxstats:md5,f34449e5e549595dd2497a07ffcb39ff",
                "OSMOTIC_STRESS_T100_SE.mRp.clN.sorted.bam.flagstat:md5,d3c1c3f3ee5dcb204ab6c162964da4ff",
                "OSMOTIC_STRESS_T100_SE.mRp.clN.sorted.bam.idxstats:md5,284c189e49eb4a91fc0aed00d869e1c4",
                "genome.fa:md5,4bad9f4b18056156a81f7f952abbe125",
                "genome.fa.fai:md5,6f4c0ce5258e6948135ad006e1f9ee1b",
                "deeptools_plot_fingerprint_counts_mlib_deeptools.txt:md5,b3aefd736ba3dc078560c541558aa8a9",
                "deeptools_plot_profile_mlib_deeptools.txt:md5,3c74002bc0bc18921860ef381f97ae77",
                "mqc_deeptools_fingerprint_plot_1.txt:md5,0b18beabfb07348950cfdb14e8caaa53",
                "mqc_fastqc_adapter_content_plot_1.txt:md5,66f3e2f6ba14599b0d6c20144df60777",
                "mqc_fastqc_per_base_n_content_plot_1.txt:md5,8d9cdd0463193b7e10332e2ca0273aca",
                "mqc_fastqc_per_base_sequence_quality_plot_1.txt:md5,821cb87b0ae8bd61cd445d153b8f371a",
                "mqc_fastqc_per_sequence_gc_content_plot_Counts.txt:md5,3fa7f0c0858d12cae8700e21774da86d",
                "mqc_fastqc_per_sequence_gc_content_plot_Percentages.txt:md5,a2d0c3ec413894e4dafa62ebdf44a06c",
                "mqc_fastqc_per_sequence_quality_scores_plot_1.txt:md5,3bfe1c94f710975829e2c1e3b5f16ea7",
                "mqc_fastqc_sequence_counts_plot_1.txt:md5,d0cf8d64e742b5f446e6b602d86913b9",
                "mqc_fastqc_sequence_duplication_levels_plot_1.txt:md5,23c4883ed6c22212b0c3e07a863745d1",
                "mqc_featureCounts_assignment_plot-2_1.txt:md5,8ba0a7e542bbbfe5446b3f18f21a404b",
                "mqc_featureCounts_assignment_plot_1.txt:md5,1b94aa046343e7adae8293153f849235",
                "mqc_samtools-idxstats-mapped-reads-plot-2_Normalised_Counts.txt:md5,20bef4426162e964c2214b09dfa90fc7",
                "mqc_samtools-idxstats-mapped-reads-plot-2_Observed_over_Expected_Counts.txt:md5,d545b4ef8f4a8c7078dbf307713d7b14",
                "mqc_samtools-idxstats-mapped-reads-plot-2_Raw_Counts.txt:md5,a1a87603c22be8d3f3d71b4fb146a4b1",
                "mqc_samtools-idxstats-mapped-reads-plot-3_Normalised_Counts.txt:md5,5d1c5eb7e44689b9d94a49f499d091a5",
                "mqc_samtools-idxstats-mapped-reads-plot-3_Observed_over_Expected_Counts.txt:md5,5967973b49fb4d9649e58d77c00c9987",
                "mqc_samtools-idxstats-mapped-reads-plot-3_Raw_Counts.txt:md5,d4d9187e688d0a1f9ea6d89a670b8c83",
                "mqc_samtools-idxstats-mapped-reads-plot-4_Normalised_Counts.txt:md5,71573e62e8ffa729a64873ff10ae8c02",
                "mqc_samtools-idxstats-mapped-reads-plot-4_Observed_over_Expected_Counts.txt:md5,4f029c6ba1a3fa32459beff912ca3ab5",
                "mqc_samtools-idxstats-mapped-reads-plot-4_Raw_Counts.txt:md5,c3c8c0c2ad9beef115c4fd78f253bd23",
                "mqc_samtools-idxstats-mapped-reads-plot_Normalised_Counts.txt:md5,61e923cef705d22b952f6ab0d8ef64c1",
                "mqc_samtools-idxstats-mapped-reads-plot_Observed_over_Expected_Counts.txt:md5,85d9acd2068e64ac8eb6c3a0d5c0a755",
                "mqc_samtools-idxstats-mapped-reads-plot_Raw_Counts.txt:md5,36d77f56a9d8915c15ed91f699e5bc4b",
                "mqc_samtools_alignment_plot-2_1.txt:md5,6f9776dd6a2f58e3f526ce79917d7e1c",
                "mqc_samtools_alignment_plot-3_1.txt:md5,593dfe2ed377052678abf335f1bc84c0",
                "mqc_samtools_alignment_plot-4_1.txt:md5,d80ed8c3f0ca3ae21dc77ad1d44b0cb6",
                "mqc_samtools_alignment_plot_1.txt:md5,79cc672992798f7f0f1a7a6380b1f275",
                "multiqc_citations.txt:md5,666622de72cd728286d41118b986c243",
                "multiqc_fastqc.txt:md5,a9a7484add8120fc3cf3d5626a92973b",
                "multiqc_featureCounts_mlib_featurecounts.txt:md5,56fb6f6dd97b598e7b8816e37140cf5e",
                "multiqc_featureCounts_mrep_featurecounts.txt:md5,3548b655287066f953bd7714ee927e9a",
                "multiqc_mlib_frip_score-plot.txt:md5,2c04017d8b96d7e4a14284519517417a",
                "multiqc_mlib_peak_annotation-plot.txt:md5,4a2e5fb6cbb98803c42f1c4f3a3f8fd6",
                "multiqc_mlib_peak_count-plot.txt:md5,aa48ff9d5acad349ceda2fc62a62bdad",
                "multiqc_mrep_frip_score-plot.txt:md5,0336be8553111af9db077f946023e4c5",
                "multiqc_mrep_peak_annotation-plot.txt:md5,5b4eb21ccbd2ff38273745be3bd17e41",
                "multiqc_mrep_peak_count-plot.txt:md5,dd9bebb172fe35a0ee12f6fd549a6f40",
                "picard_histogram.txt:md5,c9aa8a5ac6841ffb3a6cc2de45b44797",
                "picard_histogram_1.txt:md5,c9aa8a5ac6841ffb3a6cc2de45b44797",
                "picard_histogram_2.txt:md5,c9aa8a5ac6841ffb3a6cc2de45b44797",
                "picard_histogram_3.txt:md5,fc2b0821fed14da8f161b48a6f04947b",
                "picard_histogram_4.txt:md5,7cdffefa11196ef758cbdfe357ff5c9e",
                "picard_histogram_5.txt:md5,c9aa8a5ac6841ffb3a6cc2de45b44797",
                "picard_histogram_mrep_picard.txt:md5,c9aa8a5ac6841ffb3a6cc2de45b44797",
                "picard_histogram_mrep_picard_1.txt:md5,c9aa8a5ac6841ffb3a6cc2de45b44797",
                "picard_histogram_mrep_picard_2.txt:md5,c9aa8a5ac6841ffb3a6cc2de45b44797",
                "samplesheet.valid.csv:md5,51b046b55592e95949824f21b12c7e49"
            ]
        ],
        "timestamp": "2026-07-26T03:38:30.288251908",
        "meta": {
            "nf-test": "0.9.4",
            "nextflow": "25.10.4"
        }
    },
    "skip_trimming with stub": {
        "content": [
            213
        ],
        "timestamp": "2025-11-03T13:33:27.997860306",
        "meta": {
            "nf-test": "0.9.3",
            "nextflow": "25.04.7"
        }
    }
}